MPLINK 3.90, Linker
Linker Map File - Created Sat Oct 28 15:09:28 2006

                                 Section Info
                  Section       Type    Address   Location Size(Bytes)
                ---------  ---------  ---------  ---------  ---------
               _entry_scn       code   0x000800    program   0x000006
        .idata_stdout.o_i    romdata   0x000806    program   0x000002
      InterruptVectorHigh       code   0x000808    program   0x000006
          .code_adcbusy.o       code   0x00080e    program   0x00000a
       InterruptVectorLow       code   0x000818    program   0x000006
                   .cinit    romdata   0x00081e    program   0x0000ce
       .code_MotorDrive.o       code   0x0008ec    program   0x001780
         .code_controls.o       code   0x00206c    program   0x001158
     .code_wheelsensors.o       code   0x0031c4    program   0x001000
         .code_vfprintf.o       code   0x0041c4    program   0x000c22
        .code_utilities.o       code   0x004de6    program   0x0007c0
           .code_turret.o       code   0x0055a6    program   0x00079c
      .code_ifi_library.o       code   0x005d42    program   0x000736
    .code_user_routines.o       code   0x006478    program   0x0006f2
             .stringtable    romdata   0x006b6a    program   0x000649
   .romdata_ifi_library.o    romdata   0x0071b3    program   0x000000
          .romdata_putc.o    romdata   0x0071b3    program   0x000000
     .romdata_utilities.o    romdata   0x0071b3    program   0x000000
          .idata_putc.o_i    romdata   0x0071b3    program   0x000000
    .romdata_autonomous.o    romdata   0x0071b3    program   0x000000
     .romdata_MoveRobot.o    romdata   0x0071b3    program   0x000000
       .idata_adcread.o_i    romdata   0x0071b3    program   0x000000
    .romdata_motorLimit.o    romdata   0x0071b3    program   0x000000
.romdata_interruptVector.o    romdata   0x0071b3    program   0x000000
      .romdata_fxd1616u.o    romdata   0x0071b3    program   0x000000
      .idata_spi1open.o_i    romdata   0x0071b3    program   0x000000
      .romdata_fxd3232u.o    romdata   0x0071b3    program   0x000000
       .idata_adcbusy.o_i    romdata   0x0071b3    program   0x000000
      .idata_fxd3232u.o_i    romdata   0x0071b3    program   0x000000
       .romdata_adcopen.o    romdata   0x0071b3    program   0x000000
      .romdata_adcclose.o    romdata   0x0071b3    program   0x000000
       .idata_adcconv.o_i    romdata   0x0071b3    program   0x000000
        .romdata_u1open.o    romdata   0x0071b3    program   0x000000
        .idata_u1open.o_i    romdata   0x0071b3    program   0x000000
   .idata_ifi_library.o_i    romdata   0x0071b3    program   0x000000
      .idata_fxd1616u.o_i    romdata   0x0071b3    program   0x000000
      .romdata_controls.o    romdata   0x0071b3    program   0x000000
         .idata_fputs.o_i    romdata   0x0071b3    program   0x000000
      .romdata_template.o    romdata   0x0071b3    program   0x000000
      .idata_template.o_i    romdata   0x0071b3    program   0x000000
  .romdata_serial_ports.o    romdata   0x0071b3    program   0x000000
        .romdata_stdout.o    romdata   0x0071b3    program   0x000000
      .romdata_tracking.o    romdata   0x0071b3    program   0x000000
         .romdata_fputs.o    romdata   0x0071b3    program   0x000000
 .romdata_ifi_utilities.o    romdata   0x0071b3    program   0x000000
          .idata_main.o_i    romdata   0x0071b3    program   0x000000
           .code_stdout.o       code   0x0071b4    program   0x000000
           .code_camera.o       code   0x0071b4    program   0x000634
                     PROG       code   0x0077e8    program   0x00051a
        .code_MoveRobot.o       code   0x007d02    program   0x00043e
                 UTIL_LIB       code   0x008140    program   0x000396
       .code_autonomous.o       code   0x0084d6    program   0x00037a
.code_interruptHandlers.o       code   0x008850    program   0x000330
         .code_tracking.o       code   0x008b80    program   0x0002f8
     .code_serial_ports.o       code   0x008e78    program   0x0002d0
        .code_test_area.o       code   0x009148    program   0x0001f0
    .code_ifi_utilities.o       code   0x009338    program   0x0001de
  .code_interruptVector.o       code   0x009516    program   0x0001ac
       .code_motorLimit.o       code   0x0096c2    program   0x0000ba
               _cinit_scn       code   0x00977c    program   0x00009e
           .code_printf.o       code   0x00981a    program   0x000094
            .code_fputs.o       code   0x0098ae    program   0x000088
             .code_putc.o       code   0x009936    program   0x000084
         .code_terminal.o       code   0x0099ba    program   0x000080
             .code_puts.o       code   0x009a3a    program   0x000080
          .code_fxm3232.o       code   0x009aba    program   0x000070
          .code_adcopen.o       code   0x009b2a    program   0x000068
                   STRING       code   0x009b92    program   0x000066
         .code_spi1open.o       code   0x009bf8    program   0x000066
           .code_eeprom.o       code   0x009c5e    program   0x000066
           .code_u1open.o       code   0x009cc4    program   0x000064
         .code_fxd3232u.o       code   0x009d28    program   0x000048
          .code_adcread.o       code   0x009d70    program   0x00003e
         .code_fxd2424u.o       code   0x009dae    program   0x00003a
           .code_t0open.o       code   0x009de8    program   0x000038
             .code_main.o       code   0x009e20    program   0x00002e
         .code_fxd1616u.o       code   0x009e4e    program   0x00002c
                    CTYPE       code   0x009e7a    program   0x000024
             _startup_scn       code   0x009e9e    program   0x000020
              D1KTCYXCODE       code   0x009ebe    program   0x000020
                    STDIO       code   0x009ede    program   0x00001c
         .code_fxd0808u.o       code   0x009efa    program   0x00001c
              D10TCYXCODE       code   0x009f16    program   0x000016
      .romdata_vfprintf.o    romdata   0x009f2c    program   0x000011
    .romdata_MotorDrive.o    romdata   0x009f3d    program   0x000008
          .romdata_puts.o    romdata   0x009f45    program   0x000000
        .idata_printf.o_i    romdata   0x009f45    program   0x000000
      .idata_vfprintf.o_i    romdata   0x009f45    program   0x000000
          .idata_puts.o_i    romdata   0x009f45    program   0x000000
       .romdata_adcread.o    romdata   0x009f45    program   0x000000
       .idata_adcopen.o_i    romdata   0x009f45    program   0x000000
        .romdata_printf.o    romdata   0x009f45    program   0x000000
        .romdata_t0open.o    romdata   0x009f45    program   0x000000
        .idata_t0open.o_i    romdata   0x009f45    program   0x000000
      .romdata_spi1open.o    romdata   0x009f45    program   0x000000
   .idata_ifi_startup.o_i    romdata   0x009f45    program   0x000000
        .romdata_camera.o    romdata   0x009f45    program   0x000000
   .romdata_ifi_startup.o    romdata   0x009f45    program   0x000000
        .romdata_turret.o    romdata   0x009f45    program   0x000000
     .idata_test_area.o_i    romdata   0x009f45    program   0x000000
.romdata_interruptHandlers.o    romdata   0x009f45    program   0x000000
 .romdata_user_routines.o    romdata   0x009f45    program   0x000000
        .idata_eeprom.o_i    romdata   0x009f45    program   0x000000
        .romdata_eeprom.o    romdata   0x009f45    program   0x000000
       .romdata_adcbusy.o    romdata   0x009f45    program   0x000000
      .romdata_terminal.o    romdata   0x009f45    program   0x000000
      .idata_adcclose.o_i    romdata   0x009f45    program   0x000000
          .romdata_main.o    romdata   0x009f45    program   0x000000
       .romdata_adcconv.o    romdata   0x009f45    program   0x000000
      .idata_fxd0808u.o_i    romdata   0x009f45    program   0x000000
      .romdata_fxd0808u.o    romdata   0x009f45    program   0x000000
      .idata_fxd2424u.o_i    romdata   0x009f45    program   0x000000
      .romdata_fxd2424u.o    romdata   0x009f45    program   0x000000
       .idata_fxm3232.o_i    romdata   0x009f45    program   0x000000
       .romdata_fxm3232.o    romdata   0x009f45    program   0x000000
      .code_ifi_startup.o       code   0x009f46    program   0x000000
         .code_template.o       code   0x009f46    program   0x000000
         .code_adcclose.o       code   0x009f46    program   0x000006
  .romdata_wheelsensors.o    romdata   0x009f4c    program   0x000004
     .romdata_test_area.o    romdata   0x009f50    program   0x000004
          .code_adcconv.o       code   0x009f54    program   0x000004
  .idata_wheelsensors.o_i    romdata   0x009f58    program   0x000028
     .idata_utilities.o_i    romdata   0x009f80    program   0x00000a
 .idata_user_routines.o_i    romdata   0x009f8a    program   0x000072
        .idata_turret.o_i    romdata   0x009ffc    program   0x00000b
      .idata_tracking.o_i    romdata   0x00a007    program   0x000009
      .idata_terminal.o_i    romdata   0x00a010    program   0x000003
  .idata_serial_ports.o_i    romdata   0x00a013    program   0x000019
    .idata_motorLimit.o_i    romdata   0x00a02c    program   0x000002
.idata_interruptVector.o_i    romdata   0x00a02e    program   0x000004
.idata_interruptHandlers.o_i    romdata   0x00a032    program   0x00002b
 .idata_ifi_utilities.o_i    romdata   0x00a05d    program   0x000004
      .idata_controls.o_i    romdata   0x00a061    program   0x00001b
        .idata_camera.o_i    romdata   0x00a07c    program   0x00000a
    .idata_autonomous.o_i    romdata   0x00a086    program   0x000009
     .idata_MoveRobot.o_i    romdata   0x00a08f    program   0x00000b
    .idata_MotorDrive.o_i    romdata   0x00a09a    program   0x000005
                  .config       code   0x300000    program   0x00000e
                  SPI_VAR      udata   0x000000       data   0x000017
                MATH_DATA      udata   0x000017       data   0x000014
                 .tmpdata      udata   0x00002b       data   0x000012
                DELAYDAT1      udata   0x00003d       data   0x000001
                 COPY_VAR      udata   0x000080       data   0x000080
    .udata_serial_ports.o      udata   0x000100       data   0x000080
   .idata_user_routines.o      idata   0x000180       data   0x000072
     .udata_ifi_library.o      udata   0x0001f2       data   0x00000d
    .udata_wheelsensors.o      udata   0x0001ff       data   0x000001
          .udata_camera.o      udata   0x000200       data   0x000031
.idata_interruptHandlers.o      idata   0x000231       data   0x00002b
    .idata_wheelsensors.o      idata   0x00025c       data   0x000028
    .idata_serial_ports.o      idata   0x000284       data   0x000019
        .udata_controls.o      udata   0x00029d       data   0x000014
          .idata_turret.o      idata   0x0002b1       data   0x00000b
       .idata_MoveRobot.o      idata   0x0002bc       data   0x00000b
     .udata_ifi_startup.o      udata   0x0002c7       data   0x00000a
       .idata_utilities.o      idata   0x0002d1       data   0x00000a
          .idata_camera.o      idata   0x0002db       data   0x00000a
        .idata_tracking.o      idata   0x0002e5       data   0x000009
      .idata_autonomous.o      idata   0x0002ee       data   0x000009
      .udata_MotorDrive.o      udata   0x0002f7       data   0x000008
          .udata_turret.o      udata   0x0002ff       data   0x000001
      .idata_MotorDrive.o      idata   0x000300       data   0x000005
   .udata_ifi_utilities.o      udata   0x000305       data   0x000004
 .idata_interruptVector.o      idata   0x000309       data   0x000004
   .idata_ifi_utilities.o      idata   0x00030d       data   0x000004
        .idata_terminal.o      idata   0x000311       data   0x000003
   .udata_user_routines.o      udata   0x000314       data   0x000002
          .idata_stdout.o      idata   0x000316       data   0x000002
      .idata_motorLimit.o      idata   0x000318       data   0x000002
     .idata_ifi_library.o      idata   0x00031a       data   0x000000
         .idata_fxm3232.o      idata   0x00031a       data   0x000000
          .udata_u1open.o      udata   0x00031a       data   0x000000
         .udata_fxm3232.o      udata   0x00031a       data   0x000000
        .idata_fxd3232u.o      idata   0x00031a       data   0x000000
        .udata_fxd3232u.o      udata   0x00031a       data   0x000000
        .idata_fxd2424u.o      idata   0x00031a       data   0x000000
        .udata_fxd2424u.o      udata   0x00031a       data   0x000000
        .idata_fxd1616u.o      idata   0x00031a       data   0x000000
        .udata_fxd1616u.o      udata   0x00031a       data   0x000000
        .idata_fxd0808u.o      idata   0x00031a       data   0x000000
        .udata_fxd0808u.o      udata   0x00031a       data   0x000000
         .idata_adcconv.o      idata   0x00031a       data   0x000000
         .udata_adcconv.o      udata   0x00031a       data   0x000000
        .idata_vfprintf.o      idata   0x00031a       data   0x000000
        .udata_vfprintf.o      udata   0x00031a       data   0x000000
          .udata_stdout.o      udata   0x00031a       data   0x000000
           .idata_fputs.o      idata   0x00031a       data   0x000000
           .udata_fputs.o      udata   0x00031a       data   0x000000
            .idata_puts.o      idata   0x00031a       data   0x000000
            .udata_puts.o      udata   0x00031a       data   0x000000
            .idata_putc.o      idata   0x00031a       data   0x000000
            .udata_putc.o      udata   0x00031a       data   0x000000
          .idata_printf.o      idata   0x00031a       data   0x000000
          .udata_printf.o      udata   0x00031a       data   0x000000
         .idata_adcread.o      idata   0x00031a       data   0x000000
         .udata_adcread.o      udata   0x00031a       data   0x000000
          .idata_t0open.o      idata   0x00031a       data   0x000000
          .udata_t0open.o      udata   0x00031a       data   0x000000
        .idata_spi1open.o      idata   0x00031a       data   0x000000
        .udata_spi1open.o      udata   0x00031a       data   0x000000
         .idata_adcopen.o      idata   0x00031a       data   0x000000
         .udata_adcopen.o      udata   0x00031a       data   0x000000
          .idata_u1open.o      idata   0x00031a       data   0x000000
        .udata_terminal.o      udata   0x00031a       data   0x000000
        .udata_tracking.o      udata   0x00031a       data   0x000000
       .udata_test_area.o      udata   0x00031a       data   0x000000
       .idata_test_area.o      idata   0x00031a       data   0x000000
        .udata_template.o      udata   0x00031a       data   0x000000
        .idata_template.o      idata   0x00031a       data   0x000000
       .udata_utilities.o      udata   0x00031a       data   0x000000
      .udata_autonomous.o      udata   0x00031a       data   0x000000
       .udata_MoveRobot.o      udata   0x00031a       data   0x000000
            .idata_main.o      idata   0x00031a       data   0x000000
      .udata_motorLimit.o      udata   0x00031a       data   0x000000
     .idata_ifi_startup.o      idata   0x00031a       data   0x000000
        .idata_adcclose.o      idata   0x00031a       data   0x000000
         .idata_adcbusy.o      idata   0x00031a       data   0x000000
         .udata_adcbusy.o      udata   0x00031a       data   0x000000
        .udata_adcclose.o      udata   0x00031a       data   0x000000
 .udata_interruptVector.o      udata   0x00031a       data   0x000000
          .udata_eeprom.o      udata   0x00031a       data   0x000000
          .idata_eeprom.o      idata   0x00031a       data   0x000000
user_routines.o:DiagnosticSystemLoad     actrec   0x000d00       data   0x000002
controls.o:ReverseRobotControls     actrec   0x000d00       data   0x000002
controls.o:threeWaySwitch     actrec   0x000d00       data   0x000001
  controls.o:sum_response     actrec   0x000d00       data   0x000005
 controls.o:sum_response2     actrec   0x000d00       data   0x000007
utilities.o:isWithinRange     actrec   0x000d00       data   0x000002
turret.o:MoveTurretManual     actrec   0x000d00       data   0x000002
autonomous.o:AutonomousRun     actrec   0x000d00       data   0x000008
MotorDrive.o:motorSpeedCIM     actrec   0x000d00       data   0x000003
MotorDrive.o:motorSpeedCIMT     actrec   0x000d00       data   0x000002
interruptHandlers.o:GetTime     actrec   0x000d00       data   0x000004
wheelsensors.o:ComputePWMforLaunchWheel     actrec   0x000d00       data   0x000004
wheelsensors.o:SpeedFromElevation     actrec   0x000d00       data   0x000005
wheelsensors.o:SpeedFromVerticalError     actrec   0x000d00       data   0x000005
                   .stack      udata   0x000e00       data   0x000100
            .udata_main.o      udata   0x000f00       data   0x000041
        .idata_controls.o      idata   0x000f41       data   0x00001b
.udata_interruptHandlers.o      udata   0x000f5c       data   0x000004
            SFR_UNBANKED0      udata   0x000f62       data   0x00009e



                              Program Memory Usage 
                               Start         End      
                           ---------   ---------      
                            0x000800    0x0071b2      
                            0x0071b4    0x009f44      
                            0x009f46    0x00a09e      
                            0x300000    0x30000d      
            39083 out of 132120 program addresses used, program memory utilization is 29%



                              Symbols - Sorted by Name
                     Name    Address   Location    Storage File                     
                ---------  ---------  ---------  --------- ---------                
                  Adj_lp4   0x0084cc    program     static C:\mcc18\Projects\EduCode\Util_lib.asm
                  Adjust4   0x0084c8    program     static C:\mcc18\Projects\EduCode\Util_lib.asm
                  AllStop   0x005292    program     extern C:\LRT06\LRT6_49\utilities.c
          AutonomousAbort   0x0084e6    program     extern C:\LRT06\LRT6_49\autonomous.c
     AutonomousInitialize   0x0084ee    program     extern C:\LRT06\LRT6_49\autonomous.c
          AutonomousReset   0x0084d6    program     extern C:\LRT06\LRT6_49\autonomous.c
            AutonomousRun   0x008508    program     extern C:\LRT06\LRT6_49\autonomous.c
 AutonomousSaveOIControls   0x008830    program     extern C:\LRT06\LRT6_49\autonomous.c
         AutonomousStatus   0x0084de    program     extern C:\LRT06\LRT6_49\autonomous.c
                  BusyADC   0x00080e    program     extern C:\mcc18\src\TRADIT~1\pmc\ADC\adcbusy.c
           Camera_Handler   0x0071b4    program     extern C:\LRT06\LRT6_49\camera.c
              Camera_Idle   0x0076ce    program     extern C:\LRT06\LRT6_49\camera.c
Camera_Serial_Port_Byte_Count   0x007790    program     extern C:\LRT06\LRT6_49\camera.c
     Camera_State_Machine   0x007226    program     extern C:\LRT06\LRT6_49\camera.c
 CheckForSerialPortErrors   0x006a3e    program     extern C:\LRT06\LRT6_49\user_routines.c
CheckOIforFrontRearLiftSelection   0x002e4c    program     static C:\LRT06\LRT6_49\controls.c
       Check_4_Violations   0x00609e    program     extern C:\mcc18\Projects\EduCode\ifi_library.c
           ClearMotorPWMs   0x0008ec    program     extern C:\LRT06\LRT6_49\MotorDrive.c
               Clear_Bank   0x00815a    program     static C:\mcc18\Projects\EduCode\Util_lib.asm
               Clear_Loop   0x008146    program     static C:\mcc18\Projects\EduCode\Util_lib.asm
             Clear_Memory   0x008140    program     extern C:\mcc18\Projects\EduCode\Util_lib.asm
       Clear_SPIdata_flag   0x006010    program     extern C:\mcc18\Projects\EduCode\ifi_library.c
                 CloseADC   0x009f46    program     extern C:\mcc18\src\TRADIT~1\pmc\ADC\adcclose.c
 ComputePWMforLaunchWheel   0x0034c2    program     extern C:\LRT06\LRT6_49\wheelsensors.c
 ControlLaunchWheelSpeeds   0x003390    program     extern C:\LRT06\LRT6_49\wheelsensors.c
          ControlPrinting   0x006946    program     static C:\LRT06\LRT6_49\user_routines.c
               ConvertADC   0x009f54    program     extern C:\mcc18\src\TRADIT~1\pmc\ADC\adcconv.c
                   D0808S   0x007926    program     static C:\MCC18\SRC\TRADIT~1\MATH\fxd0808s.asm
                D0808SNEG   0x007934    program     static C:\MCC18\SRC\TRADIT~1\MATH\fxd0808s.asm
                 D0808SOK   0x007930    program     static C:\MCC18\SRC\TRADIT~1\MATH\fxd0808s.asm
                  D0808SX   0x00793a    program     static C:\MCC18\SRC\TRADIT~1\MATH\fxd0808s.asm
                    D10_1   0x009f26    program     static C:\MCC18\SRC\TRADIT~1\DELAYS\d10tcyx.asm
                     D10x   0x009f1e    program     static C:\MCC18\SRC\TRADIT~1\DELAYS\d10tcyx.asm
                   D1616S   0x007966    program     static C:\MCC18\SRC\TRADIT~1\MATH\fxd1616s.asm
                D1616SNEG   0x007974    program     static C:\MCC18\SRC\TRADIT~1\MATH\fxd1616s.asm
                 D1616SOK   0x007970    program     static C:\MCC18\SRC\TRADIT~1\MATH\fxd1616s.asm
                  D1616SX   0x007986    program     static C:\MCC18\SRC\TRADIT~1\MATH\fxd1616s.asm
                    D1K_1   0x009eca    program     static C:\MCC18\SRC\TRADIT~1\DELAYS\d1ktcyx.asm
                     D1Kx   0x009ec8    program     static C:\MCC18\SRC\TRADIT~1\DELAYS\d1ktcyx.asm
                   D3232S   0x0079c0    program     static C:\MCC18\SRC\TRADIT~1\MATH\fxd3232s.asm
                D3232SNEG   0x0079ce    program     static C:\MCC18\SRC\TRADIT~1\MATH\fxd3232s.asm
                 D3232SOK   0x0079ca    program     static C:\MCC18\SRC\TRADIT~1\MATH\fxd3232s.asm
                  D3232SX   0x0079ee    program     static C:\MCC18\SRC\TRADIT~1\MATH\fxd3232s.asm
                  DA0808S   0x00791c    program     static C:\MCC18\SRC\TRADIT~1\MATH\fxd0808s.asm
                  DA1616S   0x007956    program     static C:\MCC18\SRC\TRADIT~1\MATH\fxd1616s.asm
                  DA3232S   0x0079aa    program     static C:\MCC18\SRC\TRADIT~1\MATH\fxd3232s.asm
                      DL1   0x008488    program     static C:\mcc18\Projects\EduCode\Util_lib.asm
                      DL2   0x00849e    program     static C:\mcc18\Projects\EduCode\Util_lib.asm
          Dead_Space_Loop   0x008484    program     static C:\mcc18\Projects\EduCode\Util_lib.asm
              Delay10TCYx   0x009f16    program     extern C:\MCC18\SRC\TRADIT~1\DELAYS\d10tcyx.asm
              Delay1KTCYx   0x009ebe    program     extern C:\MCC18\SRC\TRADIT~1\DELAYS\d1ktcyx.asm
     DiagnosticSystemLoad   0x0065d4    program     static C:\LRT06\LRT6_49\user_routines.c
              DisplayBufr   0x0093b0    program     extern C:\LRT06\LRT6_49\ifi_utilities.c
       DisplayUserOptions   0x0021f2    program     extern C:\LRT06\LRT6_49\controls.c
          DriveLeftMotors   0x00190a    program     extern C:\LRT06\LRT6_49\MotorDrive.c
              DriveMotors   0x0008fc    program     extern C:\LRT06\LRT6_49\MotorDrive.c
            DriveOneMotor   0x000bf0    program     extern C:\LRT06\LRT6_49\MotorDrive.c
         DriveRightMotors   0x00194c    program     extern C:\LRT06\LRT6_49\MotorDrive.c
      DriveTurretLimitESC   0x0055a6    program     static C:\LRT06\LRT6_49\turret.c
              EEPROM_read   0x009c5e    program     extern C:\LRT06\LRT6_49\eeprom.c
             EEPROM_write   0x009c88    program     extern C:\LRT06\LRT6_49\eeprom.c
                 FLO0832S   0x0077ec    program     extern C:\MCC18\SRC\TRADIT~1\MATH\cast08FP.asm
                 FLO0832U   0x0077e8    program     extern C:\MCC18\SRC\TRADIT~1\MATH\cast08FP.asm
                 FLO1632S   0x00780e    program     extern C:\MCC18\SRC\TRADIT~1\MATH\cast16FP.asm
                 FLO1632U   0x00780a    program     extern C:\MCC18\SRC\TRADIT~1\MATH\cast16FP.asm
                 FLO3232S   0x007838    program     extern C:\MCC18\SRC\TRADIT~1\MATH\cast32FP.asm
                 FLO3232U   0x007834    program     extern C:\MCC18\SRC\TRADIT~1\MATH\cast32FP.asm
                    FPD32   0x00786a    program     extern C:\MCC18\SRC\TRADIT~1\MATH\divFP.asm
                 FXD0808S   0x007910    program     extern C:\MCC18\SRC\TRADIT~1\MATH\fxd0808s.asm
                 FXD0808U   0x009efa    program     extern C:\mcc18\src\TRADIT~1\math\fxd0808u.c
                 FXD1616S   0x007944    program     extern C:\MCC18\SRC\TRADIT~1\MATH\fxd1616s.asm
                 FXD1616U   0x009e4e    program     extern C:\mcc18\src\TRADIT~1\math\fxd1616u.c
                 FXD2424U   0x009dae    program     extern C:\mcc18\src\TRADIT~1\math\fxd2424u.c
                 FXD3232S   0x007990    program     extern C:\MCC18\SRC\TRADIT~1\MATH\fxd3232s.asm
                 FXD3232U   0x009d28    program     extern C:\mcc18\src\TRADIT~1\math\fxd3232u.c
                 FXM1616S   0x0079f8    program     extern C:\MCC18\SRC\TRADIT~1\MATH\fxm1616s.asm
                 FXM1616U   0x007a52    program     extern C:\MCC18\SRC\TRADIT~1\MATH\fxm1616u.asm
                  FXM3232   0x009aba    program     extern C:\mcc18\src\TRADIT~1\math\fxm3232.c
            Generate_Pwms   0x0083de    program     extern C:\mcc18\Projects\EduCode\Util_lib.asm
       Generate_Pwms_Cont   0x008422    program     static C:\mcc18\Projects\EduCode\Util_lib.asm
GetBallLauncherSpeedFromCamera   0x0040b6    program     extern C:\LRT06\LRT6_49\wheelsensors.c
        GetDataFromMaster   0x0082b6    program     extern C:\mcc18\Projects\EduCode\Util_lib.asm
    GetDriveEncoderCounts   0x001696    program     extern C:\LRT06\LRT6_49\MotorDrive.c
      GetDriveWheelPeriod   0x001e78    program     extern C:\LRT06\LRT6_49\MotorDrive.c
           GetMotorSpeeds   0x0018cc    program     extern C:\LRT06\LRT6_49\MotorDrive.c
      GetRawTrackingState   0x008bc6    program     extern C:\LRT06\LRT6_49\tracking.c
                  GetTime   0x008b4a    program     extern C:\LRT06\LRT6_49\interruptHandlers.c
              GetTurnRate   0x0009f8    program     extern C:\LRT06\LRT6_49\MotorDrive.c
           GetWheelPeriod   0x0031c4    program     extern C:\LRT06\LRT6_49\wheelsensors.c
         Get_Analog_Value   0x009490    program     extern C:\LRT06\LRT6_49\ifi_utilities.c
         Get_Camera_State   0x0076de    program     extern C:\LRT06\LRT6_49\camera.c
    Get_Interrupt_3_Count   0x008864    program     extern C:\LRT06\LRT6_49\interruptHandlers.c
    Get_Interrupt_4_Count   0x008936    program     extern C:\LRT06\LRT6_49\interruptHandlers.c
    Get_Interrupt_5_Count   0x008a08    program     extern C:\LRT06\LRT6_49\interruptHandlers.c
    Get_Interrupt_6_Count   0x008a9e    program     extern C:\LRT06\LRT6_49\interruptHandlers.c
                  Getdata   0x005f64    program     extern C:\mcc18\Projects\EduCode\ifi_library.c
           Handle_Spi_Int   0x005f0c    program     extern C:\mcc18\Projects\EduCode\ifi_library.c
               Hex_output   0x008164    program     extern C:\mcc18\Projects\EduCode\Util_lib.asm
       IFI_Initialization   0x005e12    program     extern C:\mcc18\Projects\EduCode\ifi_library.c
                  INT3208   0x007a8e    program     extern C:\MCC18\SRC\TRADIT~1\MATH\castFP08.asm
                  INT3216   0x007adc    program     extern C:\MCC18\SRC\TRADIT~1\MATH\castFP16.asm
     Init_Serial_Port_One   0x008e78    program     extern C:\LRT06\LRT6_49\serial_ports.c
     Init_Serial_Port_Two   0x008ea8    program     extern C:\LRT06\LRT6_49\serial_ports.c
        Initialize_Camera   0x0073a8    program     extern C:\LRT06\LRT6_49\camera.c
    Initialize_Interrupts   0x008850    program     extern C:\LRT06\LRT6_49\interruptHandlers.c
     Initialize_Registers   0x005d9a    program     extern C:\mcc18\Projects\EduCode\ifi_library.c
  Initialize_Serial_Comms   0x00945e    program     extern C:\LRT06\LRT6_49\ifi_utilities.c
         Initialize_timer   0x008b34    program     extern C:\LRT06\LRT6_49\interruptHandlers.c
     InterruptHandlerHigh   0x005d42    program     extern C:\mcc18\Projects\EduCode\ifi_library.c
      InterruptHandlerLow   0x009516    program     extern C:\LRT06\LRT6_49\interruptVector.c
      InterruptVectorHigh   0x000808    program     extern C:\mcc18\Projects\EduCode\ifi_library.c
       InterruptVectorLow   0x000818    program     extern C:\LRT06\LRT6_49\interruptVector.c
  Interrupt_3_Int_Handler   0x0088bc    program     extern C:\LRT06\LRT6_49\interruptHandlers.c
  Interrupt_4_Int_Handler   0x00898e    program     extern C:\LRT06\LRT6_49\interruptHandlers.c
  Interrupt_5_Int_Handler   0x008a60    program     extern C:\LRT06\LRT6_49\interruptHandlers.c
  Interrupt_6_Int_Handler   0x008af6    program     extern C:\LRT06\LRT6_49\interruptHandlers.c
          JoystickTrimLED   0x00316a    program     static C:\LRT06\LRT6_49\controls.c
                      LP4   0x008426    program     static C:\mcc18\Projects\EduCode\Util_lib.asm
                LP4_Cont1   0x008430    program     static C:\mcc18\Projects\EduCode\Util_lib.asm
                LP4_Cont2   0x00843a    program     static C:\mcc18\Projects\EduCode\Util_lib.asm
                LP4_Cont3   0x008444    program     static C:\mcc18\Projects\EduCode\Util_lib.asm
                LP4_Cont4   0x008450    program     static C:\mcc18\Projects\EduCode\Util_lib.asm
                LP4_Cont5   0x00845a    program     static C:\mcc18\Projects\EduCode\Util_lib.asm
                LP4_Cont6   0x008464    program     static C:\mcc18\Projects\EduCode\Util_lib.asm
                LP4_Cont7   0x00846e    program     static C:\mcc18\Projects\EduCode\Util_lib.asm
                LP4_Cont8   0x008478    program     static C:\mcc18\Projects\EduCode\Util_lib.asm
                 Limit127   0x004ec4    program     extern C:\LRT06\LRT6_49\utilities.c
               LimitRange   0x004de6    program     extern C:\LRT06\LRT6_49\utilities.c
           MoveData4Buff0   0x00822c    program     static C:\mcc18\Projects\EduCode\Util_lib.asm
        MoveDataFromBuff1   0x008354    program     static C:\mcc18\Projects\EduCode\Util_lib.asm
         MoveRobotForward   0x007f8e    program     extern C:\LRT06\LRT6_49\MoveRobot.c
      MoveRobotInitialize   0x007ebc    program     extern C:\LRT06\LRT6_49\MoveRobot.c
           MoveTurretAuto   0x00578a    program     extern C:\LRT06\LRT6_49\turret.c
         MoveTurretManual   0x00562a    program     extern C:\LRT06\LRT6_49\turret.c
      MoveTurretPulseMode   0x00587a    program     static C:\LRT06\LRT6_49\turret.c
      MoveTurretServoMode   0x00590a    program     static C:\LRT06\LRT6_49\turret.c
             Noise_Filter   0x007722    program     extern C:\LRT06\LRT6_49\camera.c
               Open1USART   0x009cc4    program     extern C:\mcc18\src\TRADIT~1\pmc\USART\u1open.c
                  OpenADC   0x009b2a    program     extern C:\mcc18\src\TRADIT~1\pmc\ADC\adcopen.c
                 OpenSPI1   0x009bf8    program     extern C:\mcc18\src\TRADIT~1\pmc\SPI\spi1open.c
               OpenTimer0   0x009de8    program     extern C:\mcc18\src\TRADIT~1\pmc\Timers\t0open.c
        OperatorShiftGear   0x0020de    program     static C:\LRT06\LRT6_49\controls.c
          PacketNum_Check   0x0093f2    program     extern C:\LRT06\LRT6_49\ifi_utilities.c
    Prep_SPI_4_First_Byte   0x005eae    program     extern C:\mcc18\Projects\EduCode\ifi_library.c
                PrintByte   0x009342    program     extern C:\LRT06\LRT6_49\ifi_utilities.c
       PrintDigitalInputs   0x0053e6    program     extern C:\LRT06\LRT6_49\utilities.c
                PrintPWMs   0x0053be    program     extern C:\LRT06\LRT6_49\utilities.c
                PrintTime   0x00532a    program     extern C:\LRT06\LRT6_49\utilities.c
                PrintWord   0x009364    program     extern C:\LRT06\LRT6_49\ifi_utilities.c
Process_Data_From_Local_IO   0x0067c2    program     extern C:\LRT06\LRT6_49\user_routines.c
Process_Data_From_Master_uP   0x0064fc    program     extern C:\LRT06\LRT6_49\user_routines.c
       Process_Data_Shell   0x006760    program     extern C:\LRT06\LRT6_49\user_routines.c
                  Putdata   0x005f96    program     extern C:\mcc18\Projects\EduCode\ifi_library.c
                Pwm_Delay   0x0084b4    program     static C:\mcc18\Projects\EduCode\Util_lib.asm
                 Raw_Mode   0x0076e6    program     extern C:\LRT06\LRT6_49\camera.c
                  ReadADC   0x009d70    program     extern C:\mcc18\src\TRADIT~1\pmc\ADC\adcread.c
ReadAutonomousDistanceEPROM   0x0087c2    program     extern C:\LRT06\LRT6_49\autonomous.c
ReadPrintOptionsFromEPROM   0x0067c4    program     static C:\LRT06\LRT6_49\user_routines.c
   ReadTerminalForOptions   0x0067ec    program     static C:\LRT06\LRT6_49\user_routines.c
 ReadUserOptionsFromEPROM   0x002130    program     extern C:\LRT06\LRT6_49\controls.c
  Read_Camera_Serial_Port   0x007798    program     extern C:\LRT06\LRT6_49\camera.c
     Read_Serial_Port_One   0x008f18    program     extern C:\LRT06\LRT6_49\serial_ports.c
     Read_Serial_Port_Two   0x008f64    program     extern C:\LRT06\LRT6_49\serial_ports.c
Read_Terminal_Serial_Port   0x0077c4    program     extern C:\LRT06\LRT6_49\camera.c
  Reset_Interrupt_3_Count   0x0088ac    program     extern C:\LRT06\LRT6_49\interruptHandlers.c
  Reset_Interrupt_4_Count   0x00897e    program     extern C:\LRT06\LRT6_49\interruptHandlers.c
  Reset_Interrupt_5_Count   0x008a50    program     extern C:\LRT06\LRT6_49\interruptHandlers.c
  Reset_Interrupt_6_Count   0x008ae6    program     extern C:\LRT06\LRT6_49\interruptHandlers.c
           Restart_Camera   0x0076d8    program     extern C:\LRT06\LRT6_49\camera.c
     ReverseRobotControls   0x002302    program     static C:\LRT06\LRT6_49\controls.c
             RobotStopped   0x0080a0    program     extern C:\LRT06\LRT6_49\MoveRobot.c
         Rx_1_Int_Handler   0x009034    program     extern C:\LRT06\LRT6_49\serial_ports.c
         Rx_2_Int_Handler   0x009072    program     extern C:\LRT06\LRT6_49\serial_ports.c
         SendDataToMaster   0x008192    program     extern C:\mcc18\Projects\EduCode\Util_lib.asm
Serial_Port_One_Byte_Count   0x008ed8    program     extern C:\LRT06\LRT6_49\serial_ports.c
Serial_Port_Two_Byte_Count   0x008ef8    program     extern C:\LRT06\LRT6_49\serial_ports.c
              Servo_Track   0x008b80    program     extern C:\LRT06\LRT6_49\tracking.c
    SetAutonomousDistance   0x0087d6    program     extern C:\LRT06\LRT6_49\autonomous.c
       SetGearshiftRelays   0x002120    program     extern C:\LRT06\LRT6_49\controls.c
           SetUserOptions   0x002156    program     extern C:\LRT06\LRT6_49\controls.c
Set_Number_of_Analog_Channels   0x00947a    program     extern C:\LRT06\LRT6_49\ifi_utilities.c
   Set_Pan_Servo_Position   0x008bce    program     extern C:\LRT06\LRT6_49\tracking.c
  Set_Tilt_Servo_Position   0x008be4    program     extern C:\LRT06\LRT6_49\tracking.c
    Setup_PWM_Output_Type   0x00601a    program     extern C:\mcc18\Projects\EduCode\ifi_library.c
          Setup_Spi_Slave   0x005d84    program     extern C:\mcc18\Projects\EduCode\ifi_library.c
       SpeedFromElevation   0x003dce    program     extern C:\LRT06\LRT6_49\wheelsensors.c
   SpeedFromVerticalError   0x003f42    program     extern C:\LRT06\LRT6_49\wheelsensors.c
                  TALTB32   0x007b3a    program     extern C:\MCC18\SRC\TRADIT~1\MATH\ltFP.asm
               TSIGN1616A   0x007a44    program     static C:\MCC18\SRC\TRADIT~1\MATH\fxm1616s.asm
Terminal_Serial_Port_Byte_Count   0x0077bc    program     extern C:\LRT06\LRT6_49\camera.c
             TerminateGet   0x0083d4    program     static C:\mcc18\Projects\EduCode\Util_lib.asm
            TerminateSend   0x0082ac    program     static C:\mcc18\Projects\EduCode\Util_lib.asm
            TicksInOneRPM   0x009f50    program     static C:\LRT06\LRT6_49\test_area.c
            TicksInOneRPM   0x009f41    program     static C:\LRT06\LRT6_49\MotorDrive.c
      Timer_0_Int_Handler   0x008b40    program     extern C:\LRT06\LRT6_49\interruptHandlers.c
              Track_Color   0x00766a    program     extern C:\LRT06\LRT6_49\camera.c
   Tracking_Info_Terminal   0x0099ba    program     extern C:\LRT06\LRT6_49\terminal.c
                TurnRobot   0x007de8    program     extern C:\LRT06\LRT6_49\MoveRobot.c
      TurnRobotInitialize   0x007d02    program     extern C:\LRT06\LRT6_49\MoveRobot.c
              TurretSweep   0x005c9e    program     extern C:\LRT06\LRT6_49\turret.c
         Tx_1_Int_Handler   0x0090b0    program     extern C:\LRT06\LRT6_49\serial_ports.c
         Tx_2_Int_Handler   0x0090e0    program     extern C:\LRT06\LRT6_49\serial_ports.c
  UpdateLocalPWMDirection   0x008190    program     extern C:\mcc18\Projects\EduCode\Util_lib.asm
             UpdateTimers   0x0052cc    program     extern C:\LRT06\LRT6_49\utilities.c
      User_Initialization   0x006478    program     extern C:\LRT06\LRT6_49\user_routines.c
       User_Proc_Is_Ready   0x005ea4    program     extern C:\mcc18\Projects\EduCode\ifi_library.c
             Wait4TXEmpty   0x009338    program     extern C:\LRT06\LRT6_49\ifi_utilities.c
Write_Camera_Module_Register   0x007754    program     extern C:\LRT06\LRT6_49\camera.c
 Write_Camera_Serial_Port   0x0077a0    program     extern C:\LRT06\LRT6_49\camera.c
    Write_Serial_Port_One   0x008fb0    program     extern C:\LRT06\LRT6_49\serial_ports.c
    Write_Serial_Port_Two   0x008ff2    program     extern C:\LRT06\LRT6_49\serial_ports.c
Write_Terminal_Serial_Port   0x0077cc    program     extern C:\LRT06\LRT6_49\camera.c
                   _2jEnd   0x009be2    program     static C:\MCC18\SRC\TRADIT~1\STDCLIB\slenpgm.asm
        _D10TCYXCODE_000A   0x009f20    program     static C:\MCC18\SRC\TRADIT~1\DELAYS\d10tcyx.asm
        _D10TCYXCODE_000C   0x009f22    program     static C:\MCC18\SRC\TRADIT~1\DELAYS\d10tcyx.asm
        _D10TCYXCODE_000E   0x009f24    program     static C:\MCC18\SRC\TRADIT~1\DELAYS\d10tcyx.asm
        _D1KTCYXCODE_0010   0x009ece    program     static C:\MCC18\SRC\TRADIT~1\DELAYS\d1ktcyx.asm
        _D1KTCYXCODE_0016   0x009ed4    program     static C:\MCC18\SRC\TRADIT~1\DELAYS\d1ktcyx.asm
              __FpCompare   0x007b4c    program     extern C:\MCC18\SRC\TRADIT~1\MATH\compFP.asm
                 __FpExit   0x007c02    program     extern C:\MCC18\SRC\TRADIT~1\MATH\packFP.asm
                 __FpPack   0x007c2e    program     extern C:\MCC18\SRC\TRADIT~1\MATH\packFP.asm
            __FpReturnNaN   0x007bf6    program     extern C:\MCC18\SRC\TRADIT~1\MATH\packFP.asm
         __FpReturnNegInf   0x007c08    program     extern C:\MCC18\SRC\TRADIT~1\MATH\packFP.asm
        __FpReturnNegZero   0x007c20    program     extern C:\MCC18\SRC\TRADIT~1\MATH\packFP.asm
         __FpReturnPosInf   0x007c0e    program     extern C:\MCC18\SRC\TRADIT~1\MATH\packFP.asm
        __FpReturnPosZero   0x007c28    program     extern C:\MCC18\SRC\TRADIT~1\MATH\packFP.asm
        __FpReturnSignInf   0x007c04    program     extern C:\MCC18\SRC\TRADIT~1\MATH\packFP.asm
       __FpReturnSignZero   0x007c1c    program     extern C:\MCC18\SRC\TRADIT~1\MATH\packFP.asm
              __FpReturnW   0x007c86    program     extern C:\MCC18\SRC\TRADIT~1\MATH\packFP.asm
              __FpUnPackA   0x007ca6    program     extern C:\MCC18\SRC\TRADIT~1\MATH\UnpackFP.asm
              __FpUnPackB   0x007cd6    program     extern C:\MCC18\SRC\TRADIT~1\MATH\UnpackFP.asm
           ___do_lbl00002   0x006514    program     static                          
           ___do_lbl00003   0x006514    program     static                          
           ___do_lbl00004   0x00650c    program     static                          
           ___if_lbl00005   0x00656c    program     static                          
           ___if_lbl00006   0x006586    program     static                          
           ___if_lbl00007   0x006594    program     static                          
           ___if_lbl00008   0x0065b2    program     static                          
       ___return_lbl00000   0x009f14    program     static                          
       ___return_lbl00000   0x009b28    program     static                          
       ___return_lbl00000   0x009d6e    program     static                          
       ___return_lbl00000   0x000804    program     static                          
       ___return_lbl00000   0x009de6    program     static                          
       ___return_lbl00000   0x00080c    program     static                          
       ___return_lbl00000   0x009e78    program     static                          
       ___return_lbl00000   0x00081c    program     static                          
       ___return_lbl00001   0x0065c6    program     static                          
       ___return_lbl00001   0x009ebc    program     static                          
       ___return_lbl00002   0x009818    program     static                          
                   __pa_0   0x004b04    program     static C:\mcc18\src\TRADIT~1\stdclib\vfprintf.c
                   __pa_1   0x004b0c    program     static C:\mcc18\src\TRADIT~1\stdclib\vfprintf.c
                  __pa_10   0x004bc0    program     static C:\mcc18\src\TRADIT~1\stdclib\vfprintf.c
                  __pa_11   0x004bce    program     static C:\mcc18\src\TRADIT~1\stdclib\vfprintf.c
                  __pa_12   0x004be4    program     static C:\mcc18\src\TRADIT~1\stdclib\vfprintf.c
                  __pa_13   0x004bfe    program     static C:\mcc18\src\TRADIT~1\stdclib\vfprintf.c
                  __pa_14   0x004c16    program     static C:\mcc18\src\TRADIT~1\stdclib\vfprintf.c
                  __pa_15   0x004c26    program     static C:\mcc18\src\TRADIT~1\stdclib\vfprintf.c
                  __pa_16   0x004c3c    program     static C:\mcc18\src\TRADIT~1\stdclib\vfprintf.c
                  __pa_17   0x004c4e    program     static C:\mcc18\src\TRADIT~1\stdclib\vfprintf.c
                  __pa_18   0x004c60    program     static C:\mcc18\src\TRADIT~1\stdclib\vfprintf.c
                  __pa_19   0x004c6a    program     static C:\mcc18\src\TRADIT~1\stdclib\vfprintf.c
                   __pa_2   0x004b16    program     static C:\mcc18\src\TRADIT~1\stdclib\vfprintf.c
                  __pa_20   0x004c7a    program     static C:\mcc18\src\TRADIT~1\stdclib\vfprintf.c
                  __pa_21   0x004c8a    program     static C:\mcc18\src\TRADIT~1\stdclib\vfprintf.c
                  __pa_22   0x004c9a    program     static C:\mcc18\src\TRADIT~1\stdclib\vfprintf.c
                  __pa_23   0x004ca6    program     static C:\mcc18\src\TRADIT~1\stdclib\vfprintf.c
                  __pa_24   0x004cb4    program     static C:\mcc18\src\TRADIT~1\stdclib\vfprintf.c
                  __pa_25   0x004cbc    program     static C:\mcc18\src\TRADIT~1\stdclib\vfprintf.c
                  __pa_26   0x004cc6    program     static C:\mcc18\src\TRADIT~1\stdclib\vfprintf.c
                  __pa_27   0x004cd0    program     static C:\mcc18\src\TRADIT~1\stdclib\vfprintf.c
                  __pa_28   0x004cd8    program     static C:\mcc18\src\TRADIT~1\stdclib\vfprintf.c
                  __pa_29   0x004ce6    program     static C:\mcc18\src\TRADIT~1\stdclib\vfprintf.c
                   __pa_3   0x004b20    program     static C:\mcc18\src\TRADIT~1\stdclib\vfprintf.c
                  __pa_30   0x004d02    program     static C:\mcc18\src\TRADIT~1\stdclib\vfprintf.c
                  __pa_31   0x004d1c    program     static C:\mcc18\src\TRADIT~1\stdclib\vfprintf.c
                  __pa_32   0x004d36    program     static C:\mcc18\src\TRADIT~1\stdclib\vfprintf.c
                  __pa_33   0x004d4e    program     static C:\mcc18\src\TRADIT~1\stdclib\vfprintf.c
                  __pa_34   0x004d58    program     static C:\mcc18\src\TRADIT~1\stdclib\vfprintf.c
                  __pa_35   0x004d66    program     static C:\mcc18\src\TRADIT~1\stdclib\vfprintf.c
                  __pa_36   0x004d6e    program     static C:\mcc18\src\TRADIT~1\stdclib\vfprintf.c
                  __pa_37   0x004d78    program     static C:\mcc18\src\TRADIT~1\stdclib\vfprintf.c
                  __pa_38   0x004d88    program     static C:\mcc18\src\TRADIT~1\stdclib\vfprintf.c
                  __pa_39   0x004d96    program     static C:\mcc18\src\TRADIT~1\stdclib\vfprintf.c
                   __pa_4   0x004b38    program     static C:\mcc18\src\TRADIT~1\stdclib\vfprintf.c
                  __pa_40   0x004da2    program     static C:\mcc18\src\TRADIT~1\stdclib\vfprintf.c
                  __pa_41   0x004dae    program     static C:\mcc18\src\TRADIT~1\stdclib\vfprintf.c
                  __pa_42   0x004db6    program     static C:\mcc18\src\TRADIT~1\stdclib\vfprintf.c
                  __pa_43   0x004dc0    program     static C:\mcc18\src\TRADIT~1\stdclib\vfprintf.c
                  __pa_44   0x004dc6    program     static C:\mcc18\src\TRADIT~1\stdclib\vfprintf.c
                  __pa_45   0x004dd0    program     static C:\mcc18\src\TRADIT~1\stdclib\vfprintf.c
                  __pa_46   0x004ddc    program     static C:\mcc18\src\TRADIT~1\stdclib\vfprintf.c
                   __pa_5   0x004b4c    program     static C:\mcc18\src\TRADIT~1\stdclib\vfprintf.c
                   __pa_6   0x004b68    program     static C:\mcc18\src\TRADIT~1\stdclib\vfprintf.c
                   __pa_7   0x004b72    program     static C:\mcc18\src\TRADIT~1\stdclib\vfprintf.c
                   __pa_8   0x004b7e    program     static C:\mcc18\src\TRADIT~1\stdclib\vfprintf.c
                   __pa_9   0x004ba0    program     static C:\mcc18\src\TRADIT~1\stdclib\vfprintf.c
               __string_0   0x006f14    program     static C:\LRT06\LRT6_49\turret.c
               __string_0   0x0071a7    program     static C:\LRT06\LRT6_49\wheelsensors.c
               __string_0   0x006b7a    program     static C:\LRT06\LRT6_49\terminal.c
               __string_0   0x0070f8    program     static C:\LRT06\LRT6_49\MotorDrive.c
               __string_0   0x006da7    program     static C:\LRT06\LRT6_49\controls.c
               __string_0   0x006d11    program     static C:\LRT06\LRT6_49\user_routines.c
               __string_0   0x007002    program     static C:\LRT06\LRT6_49\autonomous.c
               __string_0   0x006baf    program     static C:\LRT06\LRT6_49\tracking.c
               __string_0   0x006dd6    program     static C:\LRT06\LRT6_49\utilities.c
               __string_1   0x006d92    program     static C:\LRT06\LRT6_49\controls.c
               __string_1   0x006dc2    program     static C:\LRT06\LRT6_49\utilities.c
               __string_1   0x0070eb    program     static C:\LRT06\LRT6_49\MotorDrive.c
               __string_1   0x006b6d    program     static C:\LRT06\LRT6_49\terminal.c
               __string_1   0x006cff    program     static C:\LRT06\LRT6_49\user_routines.c
               __string_1   0x006fe6    program     static C:\LRT06\LRT6_49\autonomous.c
               __string_1   0x006b88    program     static C:\LRT06\LRT6_49\tracking.c
               __string_1   0x007161    program     static C:\LRT06\LRT6_49\wheelsensors.c
               __string_1   0x006ef1    program     static C:\LRT06\LRT6_49\turret.c
              __string_10   0x006e30    program     static C:\LRT06\LRT6_49\turret.c
              __string_10   0x006c52    program     static C:\LRT06\LRT6_49\user_routines.c
              __string_11   0x006c42    program     static C:\LRT06\LRT6_49\user_routines.c
              __string_11   0x006e15    program     static C:\LRT06\LRT6_49\turret.c
              __string_12   0x006c2c    program     static C:\LRT06\LRT6_49\user_routines.c
              __string_12   0x006df8    program     static C:\LRT06\LRT6_49\turret.c
              __string_13   0x006c16    program     static C:\LRT06\LRT6_49\user_routines.c
              __string_13   0x006de8    program     static C:\LRT06\LRT6_49\turret.c
              __string_14   0x006c00    program     static C:\LRT06\LRT6_49\user_routines.c
              __string_15   0x006bea    program     static C:\LRT06\LRT6_49\user_routines.c
              __string_16   0x006bd4    program     static C:\LRT06\LRT6_49\user_routines.c
               __string_2   0x006fda    program     static C:\LRT06\LRT6_49\autonomous.c
               __string_2   0x007124    program     static C:\LRT06\LRT6_49\wheelsensors.c
               __string_2   0x006cfa    program     static C:\LRT06\LRT6_49\user_routines.c
               __string_2   0x006dbe    program     static C:\LRT06\LRT6_49\utilities.c
               __string_2   0x0070d4    program     static C:\LRT06\LRT6_49\MotorDrive.c
               __string_2   0x006b6a    program     static C:\LRT06\LRT6_49\terminal.c
               __string_2   0x006d87    program     static C:\LRT06\LRT6_49\controls.c
               __string_2   0x006edd    program     static C:\LRT06\LRT6_49\turret.c
               __string_3   0x006cf8    program     static C:\LRT06\LRT6_49\user_routines.c
               __string_3   0x0070c9    program     static C:\LRT06\LRT6_49\MotorDrive.c
               __string_3   0x006d7b    program     static C:\LRT06\LRT6_49\controls.c
               __string_3   0x006fbf    program     static C:\LRT06\LRT6_49\autonomous.c
               __string_3   0x007110    program     static C:\LRT06\LRT6_49\wheelsensors.c
               __string_3   0x006ec2    program     static C:\LRT06\LRT6_49\turret.c
               __string_4   0x006d67    program     static C:\LRT06\LRT6_49\controls.c
               __string_4   0x006f93    program     static C:\LRT06\LRT6_49\autonomous.c
               __string_4   0x007103    program     static C:\LRT06\LRT6_49\wheelsensors.c
               __string_4   0x00707f    program     static C:\LRT06\LRT6_49\MotorDrive.c
               __string_4   0x006cd2    program     static C:\LRT06\LRT6_49\user_routines.c
               __string_4   0x006ea5    program     static C:\LRT06\LRT6_49\turret.c
               __string_5   0x006d2c    program     static C:\LRT06\LRT6_49\controls.c
               __string_5   0x006e95    program     static C:\LRT06\LRT6_49\turret.c
               __string_5   0x00704a    program     static C:\LRT06\LRT6_49\MotorDrive.c
               __string_5   0x006cc7    program     static C:\LRT06\LRT6_49\user_routines.c
               __string_5   0x006f77    program     static C:\LRT06\LRT6_49\autonomous.c
               __string_6   0x007018    program     static C:\LRT06\LRT6_49\MotorDrive.c
               __string_6   0x006cb5    program     static C:\LRT06\LRT6_49\user_routines.c
               __string_6   0x006f6e    program     static C:\LRT06\LRT6_49\autonomous.c
               __string_6   0x006e82    program     static C:\LRT06\LRT6_49\turret.c
               __string_7   0x006ca1    program     static C:\LRT06\LRT6_49\user_routines.c
               __string_7   0x006f58    program     static C:\LRT06\LRT6_49\autonomous.c
               __string_7   0x006e72    program     static C:\LRT06\LRT6_49\turret.c
               __string_8   0x006f3d    program     static C:\LRT06\LRT6_49\autonomous.c
               __string_8   0x006e64    program     static C:\LRT06\LRT6_49\turret.c
               __string_8   0x006c8e    program     static C:\LRT06\LRT6_49\user_routines.c
               __string_9   0x006e43    program     static C:\LRT06\LRT6_49\turret.c
               __string_9   0x006c7a    program     static C:\LRT06\LRT6_49\user_routines.c
              __tmplbl_42   0x004c9a    program     static                          
              __tmplbl_43   0x004ae6    program     static                          
              __tmplbl_44   0x004acc    program     static                          
              __tmplbl_86   0x00421a    program     static                          
                _do_cinit   0x00977c    program     extern C:\LRT06\LRT6_49\ifi_startup.c
                   _entry   0x000800    program     extern C:\LRT06\LRT6_49\ifi_startup.c
                   _false   0x009d6a    program     static                          
                   _false   0x009de2    program     static                          
                 _startup   0x009e9e    program     extern C:\LRT06\LRT6_49\ifi_startup.c
              _usart_putc   0x009ede    program     extern C:\MCC18\SRC\TRADIT~1\PMC\USART\_usartpc.asm
               _user_putc   0x009110    program     extern C:\LRT06\LRT6_49\serial_ports.c
              addDeadband   0x005180    program     extern C:\LRT06\LRT6_49\utilities.c
        ballLaunchOrQueue   0x002dc4    program     extern C:\LRT06\LRT6_49\controls.c
               bitreverse   0x009f3d    program     static C:\LRT06\LRT6_49\MotorDrive.c
               bitreverse   0x009f4c    program     static C:\LRT06\LRT6_49\wheelsensors.c
           calibrateInput   0x004f18    program     extern C:\LRT06\LRT6_49\utilities.c
       cameraTiltOverride   0x008bfa    program     extern C:\LRT06\LRT6_49\tracking.c
   checkOIForKillSwitches   0x002e80    program     static C:\LRT06\LRT6_49\controls.c
                 controls   0x00206c    program     extern C:\LRT06\LRT6_49\controls.c
                copy_loop   0x0097ee    program     static                          
            copy_one_byte   0x0097f4    program     static                          
           doBallLauncher   0x002ef4    program     static C:\LRT06\LRT6_49\controls.c
                 doCamera   0x0065c8    program     static C:\LRT06\LRT6_49\user_routines.c
         doDriveJoysticks   0x002208    program     static C:\LRT06\LRT6_49\controls.c
        doDriveJoysticks1   0x00236a    program     extern C:\LRT06\LRT6_49\controls.c
        doDriveJoysticks2   0x0024fe    program     extern C:\LRT06\LRT6_49\controls.c
        doDriveJoysticks3   0x002702    program     extern C:\LRT06\LRT6_49\controls.c
        doDriveJoysticks4   0x0027fc    program     extern C:\LRT06\LRT6_49\controls.c
        doDriveJoysticks5   0x00291a    program     extern C:\LRT06\LRT6_49\controls.c
        doDriveJoysticks6   0x002aaa    program     extern C:\LRT06\LRT6_49\controls.c
                  doLifts   0x002d56    program     extern C:\LRT06\LRT6_49\controls.c
           doPrintOptions   0x0069a2    program     static C:\LRT06\LRT6_49\user_routines.c
                     done   0x009818    program     static                          
             done_copying   0x009802    program     static                          
                  endloop   0x009f10    program     static                          
                  endloop   0x009e74    program     static                          
                    fputs   0x0098ae    program     extern C:\mcc18\src\TRADIT~1\stdclib\fputs.c
           get2xTiltAngle   0x008e2a    program     extern C:\LRT06\LRT6_49\tracking.c
getAdjustedPanTrackingError   0x008cf8    program     extern C:\LRT06\LRT6_49\tracking.c
       getPanOffsetFromOI   0x008da4    program     extern C:\LRT06\LRT6_49\tracking.c
             getTiltError   0x008e6c    program     extern C:\LRT06\LRT6_49\tracking.c
            get_pan_error   0x005a74    program     extern C:\LRT06\LRT6_49\turret.c
            isWithinRange   0x005352    program     extern C:\LRT06\LRT6_49\utilities.c
                  isdigit   0x009e7a    program     extern C:\MCC18\SRC\TRADIT~1\STDCLIB\isdigit.asm
                 jANotInf   0x007888    program     static C:\MCC18\SRC\TRADIT~1\MATH\divFP.asm
                jANotZero   0x00789c    program     static C:\MCC18\SRC\TRADIT~1\MATH\divFP.asm
                  jAisNeg   0x007bc8    program     static C:\MCC18\SRC\TRADIT~1\MATH\compFP.asm
             jBothNotZero   0x007b6a    program     static C:\MCC18\SRC\TRADIT~1\MATH\compFP.asm
                      jEQ   0x007b86    program     static C:\MCC18\SRC\TRADIT~1\MATH\compFP.asm
                     jEnd   0x009be4    program     static C:\MCC18\SRC\TRADIT~1\STDCLIB\slenpgm.asm
                     jEnd   0x009bac    program     static C:\MCC18\SRC\TRADIT~1\STDCLIB\strlen.asm
                    jExch   0x007b92    program     static C:\MCC18\SRC\TRADIT~1\MATH\compFP.asm
                    jExit   0x007b38    program     static C:\MCC18\SRC\TRADIT~1\MATH\castFP16.asm
                    jExit   0x007ada    program     static C:\MCC18\SRC\TRADIT~1\MATH\castFP08.asm
                   jExpEQ   0x007bd8    program     static C:\MCC18\SRC\TRADIT~1\MATH\compFP.asm
                   jFinal   0x007bbc    program     static C:\MCC18\SRC\TRADIT~1\MATH\compFP.asm
                jI2F08Beg   0x0077f6    program     static C:\MCC18\SRC\TRADIT~1\MATH\cast08FP.asm
                jI2F16Beg   0x00781e    program     static C:\MCC18\SRC\TRADIT~1\MATH\cast16FP.asm
                jI2F32Beg   0x007850    program     static C:\MCC18\SRC\TRADIT~1\MATH\cast32FP.asm
                    jLoop   0x009ba2    program     static C:\MCC18\SRC\TRADIT~1\STDCLIB\strlen.asm
                    jLoop   0x0078c4    program     static C:\MCC18\SRC\TRADIT~1\MATH\divFP.asm
                    jLoop   0x007b18    program     static C:\MCC18\SRC\TRADIT~1\MATH\castFP16.asm
                    jLoop   0x007ac2    program     static C:\MCC18\SRC\TRADIT~1\MATH\castFP08.asm
                    jLoop   0x009bcc    program     static C:\MCC18\SRC\TRADIT~1\STDCLIB\slenpgm.asm
                jLoopExit   0x007b28    program     static C:\MCC18\SRC\TRADIT~1\MATH\castFP16.asm
                jLoopExit   0x007ad0    program     static C:\MCC18\SRC\TRADIT~1\MATH\castFP08.asm
                   jMatch   0x009e9a    program     static C:\MCC18\SRC\TRADIT~1\STDCLIB\isdigit.asm
                     jMax   0x007aec    program     static C:\MCC18\SRC\TRADIT~1\MATH\castFP16.asm
                     jMax   0x007a9e    program     static C:\MCC18\SRC\TRADIT~1\MATH\castFP08.asm
                  jMaxNeg   0x007afa    program     static C:\MCC18\SRC\TRADIT~1\MATH\castFP16.asm
                  jMaxNeg   0x007aa8    program     static C:\MCC18\SRC\TRADIT~1\MATH\castFP08.asm
                  jMaxPos   0x007aa2    program     static C:\MCC18\SRC\TRADIT~1\MATH\castFP08.asm
                  jMaxPos   0x007af0    program     static C:\MCC18\SRC\TRADIT~1\MATH\castFP16.asm
                      jNE   0x007b8a    program     static C:\MCC18\SRC\TRADIT~1\MATH\compFP.asm
                    jNext   0x0078ea    program     static C:\MCC18\SRC\TRADIT~1\MATH\divFP.asm
                jNoAdjust   0x0078e8    program     static C:\MCC18\SRC\TRADIT~1\MATH\divFP.asm
                  jNoExch   0x007bb2    program     static C:\MCC18\SRC\TRADIT~1\MATH\compFP.asm
                 jNoMatch   0x009e9c    program     static C:\MCC18\SRC\TRADIT~1\STDCLIB\isdigit.asm
                  jNotInf   0x007b08    program     static C:\MCC18\SRC\TRADIT~1\MATH\castFP16.asm
                  jNotInf   0x007ab2    program     static C:\MCC18\SRC\TRADIT~1\MATH\castFP08.asm
                  jPkLoop   0x007c3c    program     static C:\MCC18\SRC\TRADIT~1\MATH\packFP.asm
             jPkRoundDone   0x007c86    program     static C:\MCC18\SRC\TRADIT~1\MATH\packFP.asm
               jPkRoundIt   0x007c6e    program     static C:\MCC18\SRC\TRADIT~1\MATH\packFP.asm
             jPkShiftDone   0x007c58    program     static C:\MCC18\SRC\TRADIT~1\MATH\packFP.asm
           jReturnPosInf0   0x007c12    program     static C:\MCC18\SRC\TRADIT~1\MATH\packFP.asm
                  jRotate   0x007be4    program     static C:\MCC18\SRC\TRADIT~1\MATH\compFP.asm
                   jShift   0x007bce    program     static C:\MCC18\SRC\TRADIT~1\MATH\compFP.asm
              jSignedZero   0x007892    program     static C:\MCC18\SRC\TRADIT~1\MATH\divFP.asm
                 jSignsEQ   0x007b6e    program     static C:\MCC18\SRC\TRADIT~1\MATH\compFP.asm
                  jUnpkA1   0x007cb0    program     static C:\MCC18\SRC\TRADIT~1\MATH\UnpackFP.asm
                  jUnpkA2   0x007cc8    program     static C:\MCC18\SRC\TRADIT~1\MATH\UnpackFP.asm
                 jUnpkANZ   0x007cbe    program     static C:\MCC18\SRC\TRADIT~1\MATH\UnpackFP.asm
                  jUnpkB1   0x007ce0    program     static C:\MCC18\SRC\TRADIT~1\MATH\UnpackFP.asm
                  jUnpkB2   0x007cf8    program     static C:\MCC18\SRC\TRADIT~1\MATH\UnpackFP.asm
                 jUnpkBNZ   0x007cee    program     static C:\MCC18\SRC\TRADIT~1\MATH\UnpackFP.asm
                 jUnpkNaN   0x007cd2    program     static C:\MCC18\SRC\TRADIT~1\MATH\UnpackFP.asm
                    jZero   0x007b02    program     static C:\MCC18\SRC\TRADIT~1\MATH\castFP16.asm
                    jZero   0x007aae    program     static C:\MCC18\SRC\TRADIT~1\MATH\castFP08.asm
               jZero1and2   0x007c16    program     static C:\MCC18\SRC\TRADIT~1\MATH\packFP.asm
             led_activity   0x005c2e    program     extern C:\LRT06\LRT6_49\turret.c
   limitDriveMotorCurrent   0x00198e    program     extern C:\LRT06\LRT6_49\MotorDrive.c
                     loop   0x009eee    program     static C:\MCC18\SRC\TRADIT~1\PMC\USART\_usartpc.asm
                     loop   0x009eae    program     static                          
                     loop   0x009dba    program     static                          
                     loop   0x009e58    program     static                          
                     loop   0x009d36    program     static                          
                     loop   0x009f02    program     static                          
                     main   0x009e20    program     extern C:\LRT06\LRT6_49\main.c  
           motorLimitLeft   0x0096c2    program     extern C:\LRT06\LRT6_49\motorLimit.c
motorPWMSpeedXferFunction   0x003cdc    program     extern C:\LRT06\LRT6_49\wheelsensors.c
            motorSpeedCIM   0x001cae    program     extern C:\LRT06\LRT6_49\MotorDrive.c
           motorSpeedCIMT   0x001d6c    program     extern C:\LRT06\LRT6_49\MotorDrive.c
              printRelays   0x006b10    program     extern C:\LRT06\LRT6_49\user_routines.c
                   printf   0x00981a    program     extern C:\mcc18\src\TRADIT~1\stdclib\printf.c
                     putc   0x009936    program     extern C:\mcc18\src\TRADIT~1\stdclib\putc.c
                     puts   0x009a3a    program     extern C:\mcc18\src\TRADIT~1\stdclib\puts.c
readBallLauncherSpeedFromOI   0x002f34    program     extern C:\LRT06\LRT6_49\controls.c
        removeESCDeadband   0x004fe4    program     extern C:\LRT06\LRT6_49\utilities.c
                  s_delay   0x0084ba    program     static C:\mcc18\Projects\EduCode\Util_lib.asm
                 s_digits   0x009f2c    program     static C:\mcc18\src\TRADIT~1\stdclib\vfprintf.c
            s_put_n_chars   0x0041c4    program     static C:\mcc18\src\TRADIT~1\stdclib\vfprintf.c
 setDivertorRelayAndLifts   0x002e2e    program     static C:\LRT06\LRT6_49\controls.c
                   strlen   0x009b92    program     extern C:\MCC18\SRC\TRADIT~1\STDCLIB\strlen.asm
                strlenpgm   0x009bae    program     extern C:\MCC18\SRC\TRADIT~1\STDCLIB\slenpgm.asm
             sum_response   0x002fc0    program     static C:\LRT06\LRT6_49\controls.c
            sum_response2   0x00309a    program     static C:\LRT06\LRT6_49\controls.c
                     test   0x009796    program     static                          
                 testArea   0x009148    program     extern C:\LRT06\LRT6_49\test_area.c
           threeWaySwitch   0x002ece    program     extern C:\LRT06\LRT6_49\controls.c
              torqueDrive   0x001b4a    program     extern C:\LRT06\LRT6_49\MotorDrive.c
               unjamFront   0x002e72    program     static C:\LRT06\LRT6_49\controls.c
                unjamRear   0x002e64    program     static C:\LRT06\LRT6_49\controls.c
            updateSensors   0x002d90    program     extern C:\LRT06\LRT6_49\controls.c
                 vfprintf   0x0041f0    program     extern C:\mcc18\src\TRADIT~1\stdclib\vfprintf.c
                   AARGB0   0x00001e       data     extern C:\MCC18\SRC\TRADIT~1\MATH\aarg.asm
                   AARGB1   0x00001d       data     extern C:\MCC18\SRC\TRADIT~1\MATH\aarg.asm
                   AARGB2   0x00001c       data     extern C:\MCC18\SRC\TRADIT~1\MATH\aarg.asm
                   AARGB3   0x00001b       data     extern C:\MCC18\SRC\TRADIT~1\MATH\aarg.asm
                   AARGB4   0x00001a       data     extern C:\MCC18\SRC\TRADIT~1\MATH\aarg.asm
                   AARGB5   0x000019       data     extern C:\MCC18\SRC\TRADIT~1\MATH\aarg.asm
                   AARGB6   0x000018       data     extern C:\MCC18\SRC\TRADIT~1\MATH\aarg.asm
                   AARGB7   0x000017       data     extern C:\MCC18\SRC\TRADIT~1\MATH\aarg.asm
                   ADCON0   0x000fc2       data     extern C:\MCC18\SRC\TRADIT~1\PROC\p18f8722.asm
               ADCON0bits   0x000fc2       data     extern C:\MCC18\SRC\TRADIT~1\PROC\p18f8722.asm
                   ADCON1   0x000fc1       data     extern C:\MCC18\SRC\TRADIT~1\PROC\p18f8722.asm
               ADCON1bits   0x000fc1       data     extern C:\MCC18\SRC\TRADIT~1\PROC\p18f8722.asm
                   ADCON2   0x000fc0       data     extern C:\MCC18\SRC\TRADIT~1\PROC\p18f8722.asm
               ADCON2bits   0x000fc0       data     extern C:\MCC18\SRC\TRADIT~1\PROC\p18f8722.asm
                    ADRES   0x000fc3       data     extern C:\MCC18\SRC\TRADIT~1\PROC\p18f8722.asm
                   ADRESH   0x000fc4       data     extern C:\MCC18\SRC\TRADIT~1\PROC\p18f8722.asm
                   ADRESL   0x000fc3       data     extern C:\MCC18\SRC\TRADIT~1\PROC\p18f8722.asm
                     AEXP   0x00001f       data     extern C:\MCC18\SRC\TRADIT~1\MATH\aarg.asm
                   BARGB0   0x000023       data     extern C:\MCC18\SRC\TRADIT~1\MATH\barg.asm
                   BARGB1   0x000022       data     extern C:\MCC18\SRC\TRADIT~1\MATH\barg.asm
                   BARGB2   0x000021       data     extern C:\MCC18\SRC\TRADIT~1\MATH\barg.asm
                   BARGB3   0x000020       data     extern C:\MCC18\SRC\TRADIT~1\MATH\barg.asm
                  BAUDCON   0x000f7e       data     extern C:\MCC18\SRC\TRADIT~1\PROC\p18f8722.asm
                 BAUDCON1   0x000f7e       data     extern C:\MCC18\SRC\TRADIT~1\PROC\p18f8722.asm
             BAUDCON1bits   0x000f7e       data     extern C:\MCC18\SRC\TRADIT~1\PROC\p18f8722.asm
                 BAUDCON2   0x000f7c       data     extern C:\MCC18\SRC\TRADIT~1\PROC\p18f8722.asm
             BAUDCON2bits   0x000f7c       data     extern C:\MCC18\SRC\TRADIT~1\PROC\p18f8722.asm
              BAUDCONbits   0x000f7e       data     extern C:\MCC18\SRC\TRADIT~1\PROC\p18f8722.asm
                     BEXP   0x000024       data     extern C:\MCC18\SRC\TRADIT~1\MATH\barg.asm
                      BSR   0x000fe0       data     extern C:\MCC18\SRC\TRADIT~1\PROC\p18f8722.asm
             BtnDownCount   0x0002ff       data     static C:\LRT06\LRT6_49\turret.c
                  CCP1CON   0x000fbd       data     extern C:\MCC18\SRC\TRADIT~1\PROC\p18f8722.asm
              CCP1CONbits   0x000fbd       data     extern C:\MCC18\SRC\TRADIT~1\PROC\p18f8722.asm
                  CCP2CON   0x000fba       data     extern C:\MCC18\SRC\TRADIT~1\PROC\p18f8722.asm
              CCP2CONbits   0x000fba       data     extern C:\MCC18\SRC\TRADIT~1\PROC\p18f8722.asm
                  CCP3CON   0x000fb7       data     extern C:\MCC18\SRC\TRADIT~1\PROC\p18f8722.asm
              CCP3CONbits   0x000fb7       data     extern C:\MCC18\SRC\TRADIT~1\PROC\p18f8722.asm
                  CCP4CON   0x000f73       data     extern C:\MCC18\SRC\TRADIT~1\PROC\p18f8722.asm
              CCP4CONbits   0x000f73       data     extern C:\MCC18\SRC\TRADIT~1\PROC\p18f8722.asm
                  CCP5CON   0x000f70       data     extern C:\MCC18\SRC\TRADIT~1\PROC\p18f8722.asm
              CCP5CONbits   0x000f70       data     extern C:\MCC18\SRC\TRADIT~1\PROC\p18f8722.asm
                    CCPR1   0x000fbe       data     extern C:\MCC18\SRC\TRADIT~1\PROC\p18f8722.asm
                   CCPR1H   0x000fbf       data     extern C:\MCC18\SRC\TRADIT~1\PROC\p18f8722.asm
                   CCPR1L   0x000fbe       data     extern C:\MCC18\SRC\TRADIT~1\PROC\p18f8722.asm
                    CCPR2   0x000fbb       data     extern C:\MCC18\SRC\TRADIT~1\PROC\p18f8722.asm
                   CCPR2H   0x000fbc       data     extern C:\MCC18\SRC\TRADIT~1\PROC\p18f8722.asm
                   CCPR2L   0x000fbb       data     extern C:\MCC18\SRC\TRADIT~1\PROC\p18f8722.asm
                    CCPR3   0x000fb8       data     extern C:\MCC18\SRC\TRADIT~1\PROC\p18f8722.asm
                   CCPR3H   0x000fb9       data     extern C:\MCC18\SRC\TRADIT~1\PROC\p18f8722.asm
                   CCPR3L   0x000fb8       data     extern C:\MCC18\SRC\TRADIT~1\PROC\p18f8722.asm
                    CCPR4   0x000f74       data     extern C:\MCC18\SRC\TRADIT~1\PROC\p18f8722.asm
                   CCPR4H   0x000f75       data     extern C:\MCC18\SRC\TRADIT~1\PROC\p18f8722.asm
                   CCPR4L   0x000f74       data     extern C:\MCC18\SRC\TRADIT~1\PROC\p18f8722.asm
                    CCPR5   0x000f71       data     extern C:\MCC18\SRC\TRADIT~1\PROC\p18f8722.asm
                   CCPR5H   0x000f72       data     extern C:\MCC18\SRC\TRADIT~1\PROC\p18f8722.asm
                   CCPR5L   0x000f71       data     extern C:\MCC18\SRC\TRADIT~1\PROC\p18f8722.asm
                    CMCON   0x000fb4       data     extern C:\MCC18\SRC\TRADIT~1\PROC\p18f8722.asm
                CMCONbits   0x000fb4       data     extern C:\MCC18\SRC\TRADIT~1\PROC\p18f8722.asm
                   CVRCON   0x000fb5       data     extern C:\MCC18\SRC\TRADIT~1\PROC\p18f8722.asm
               CVRCONbits   0x000fb5       data     extern C:\MCC18\SRC\TRADIT~1\PROC\p18f8722.asm
                      Cnt   0x000013       data     static C:\mcc18\Projects\EduCode\Util_lib.asm
                     Cnt1   0x000014       data     static C:\mcc18\Projects\EduCode\Util_lib.asm
                     DDRA   0x000f92       data     extern C:\MCC18\SRC\TRADIT~1\PROC\p18f8722.asm
                 DDRAbits   0x000f92       data     extern C:\MCC18\SRC\TRADIT~1\PROC\p18f8722.asm
                     DDRB   0x000f93       data     extern C:\MCC18\SRC\TRADIT~1\PROC\p18f8722.asm
                 DDRBbits   0x000f93       data     extern C:\MCC18\SRC\TRADIT~1\PROC\p18f8722.asm
                     DDRC   0x000f94       data     extern C:\MCC18\SRC\TRADIT~1\PROC\p18f8722.asm
                 DDRCbits   0x000f94       data     extern C:\MCC18\SRC\TRADIT~1\PROC\p18f8722.asm
                     DDRD   0x000f95       data     extern C:\MCC18\SRC\TRADIT~1\PROC\p18f8722.asm
                 DDRDbits   0x000f95       data     extern C:\MCC18\SRC\TRADIT~1\PROC\p18f8722.asm
                     DDRE   0x000f96       data     extern C:\MCC18\SRC\TRADIT~1\PROC\p18f8722.asm
                 DDREbits   0x000f96       data     extern C:\MCC18\SRC\TRADIT~1\PROC\p18f8722.asm
                     DDRF   0x000f97       data     extern C:\MCC18\SRC\TRADIT~1\PROC\p18f8722.asm
                 DDRFbits   0x000f97       data     extern C:\MCC18\SRC\TRADIT~1\PROC\p18f8722.asm
                     DDRG   0x000f98       data     extern C:\MCC18\SRC\TRADIT~1\PROC\p18f8722.asm
                 DDRGbits   0x000f98       data     extern C:\MCC18\SRC\TRADIT~1\PROC\p18f8722.asm
                     DDRH   0x000f99       data     extern C:\MCC18\SRC\TRADIT~1\PROC\p18f8722.asm
                 DDRHbits   0x000f99       data     extern C:\MCC18\SRC\TRADIT~1\PROC\p18f8722.asm
                     DDRJ   0x000f9a       data     extern C:\MCC18\SRC\TRADIT~1\PROC\p18f8722.asm
                 DDRJbits   0x000f9a       data     extern C:\MCC18\SRC\TRADIT~1\PROC\p18f8722.asm
            DelayCounter1   0x00003d       data     extern C:\MCC18\SRC\TRADIT~1\DELAYS\delayd1.asm
                  ECCP1AS   0x000fb6       data     extern C:\MCC18\SRC\TRADIT~1\PROC\p18f8722.asm
              ECCP1ASbits   0x000fb6       data     extern C:\MCC18\SRC\TRADIT~1\PROC\p18f8722.asm
                 ECCP1CON   0x000fbd       data     extern C:\MCC18\SRC\TRADIT~1\PROC\p18f8722.asm
             ECCP1CONbits   0x000fbd       data     extern C:\MCC18\SRC\TRADIT~1\PROC\p18f8722.asm
                 ECCP1DEL   0x000f79       data     extern C:\MCC18\SRC\TRADIT~1\PROC\p18f8722.asm
             ECCP1DELbits   0x000f79       data     extern C:\MCC18\SRC\TRADIT~1\PROC\p18f8722.asm
                  ECCP2AS   0x000f68       data     extern C:\MCC18\SRC\TRADIT~1\PROC\p18f8722.asm
              ECCP2ASbits   0x000f68       data     extern C:\MCC18\SRC\TRADIT~1\PROC\p18f8722.asm
                 ECCP2CON   0x000fba       data     extern C:\MCC18\SRC\TRADIT~1\PROC\p18f8722.asm
             ECCP2CONbits   0x000fba       data     extern C:\MCC18\SRC\TRADIT~1\PROC\p18f8722.asm
                 ECCP2DEL   0x000f67       data     extern C:\MCC18\SRC\TRADIT~1\PROC\p18f8722.asm
             ECCP2DELbits   0x000f67       data     extern C:\MCC18\SRC\TRADIT~1\PROC\p18f8722.asm
                  ECCP3AS   0x000f6a       data     extern C:\MCC18\SRC\TRADIT~1\PROC\p18f8722.asm
              ECCP3ASbits   0x000f6a       data     extern C:\MCC18\SRC\TRADIT~1\PROC\p18f8722.asm
                 ECCP3CON   0x000fb7       data     extern C:\MCC18\SRC\TRADIT~1\PROC\p18f8722.asm
             ECCP3CONbits   0x000fb7       data     extern C:\MCC18\SRC\TRADIT~1\PROC\p18f8722.asm
                 ECCP3DEL   0x000f69       data     extern C:\MCC18\SRC\TRADIT~1\PROC\p18f8722.asm
             ECCP3DELbits   0x000f69       data     extern C:\MCC18\SRC\TRADIT~1\PROC\p18f8722.asm
                    EEADR   0x000fa9       data     extern C:\MCC18\SRC\TRADIT~1\PROC\p18f8722.asm
                   EEADRH   0x000faa       data     extern C:\MCC18\SRC\TRADIT~1\PROC\p18f8722.asm
                   EECON1   0x000fa6       data     extern C:\MCC18\SRC\TRADIT~1\PROC\p18f8722.asm
               EECON1bits   0x000fa6       data     extern C:\MCC18\SRC\TRADIT~1\PROC\p18f8722.asm
                   EECON2   0x000fa7       data     extern C:\MCC18\SRC\TRADIT~1\PROC\p18f8722.asm
                   EEDATA   0x000fa8       data     extern C:\MCC18\SRC\TRADIT~1\PROC\p18f8722.asm
                  FPFLAGS   0x000026       data     extern C:\MCC18\SRC\TRADIT~1\MATH\cmath18.asm
              FPFLAGSbits   0x000026       data     extern C:\MCC18\SRC\TRADIT~1\MATH\cmath18.asm
                     FSR0   0x000fe9       data     extern C:\MCC18\SRC\TRADIT~1\PROC\p18f8722.asm
                    FSR0H   0x000fea       data     extern C:\MCC18\SRC\TRADIT~1\PROC\p18f8722.asm
                    FSR0L   0x000fe9       data     extern C:\MCC18\SRC\TRADIT~1\PROC\p18f8722.asm
                     FSR1   0x000fe1       data     extern C:\MCC18\SRC\TRADIT~1\PROC\p18f8722.asm
                    FSR1H   0x000fe2       data     extern C:\MCC18\SRC\TRADIT~1\PROC\p18f8722.asm
                    FSR1L   0x000fe1       data     extern C:\MCC18\SRC\TRADIT~1\PROC\p18f8722.asm
                     FSR2   0x000fd9       data     extern C:\MCC18\SRC\TRADIT~1\PROC\p18f8722.asm
                    FSR2H   0x000fda       data     extern C:\MCC18\SRC\TRADIT~1\PROC\p18f8722.asm
                    FSR2L   0x000fd9       data     extern C:\MCC18\SRC\TRADIT~1\PROC\p18f8722.asm
                FSRH_temp   0x000004       data     static C:\mcc18\Projects\EduCode\Util_lib.asm
                FSRL_temp   0x000005       data     static C:\mcc18\Projects\EduCode\Util_lib.asm
                  HLVDCON   0x000fd2       data     extern C:\MCC18\SRC\TRADIT~1\PROC\p18f8722.asm
              HLVDCONbits   0x000fd2       data     extern C:\MCC18\SRC\TRADIT~1\PROC\p18f8722.asm
           HoldSpeedTimer   0x000280       data     static C:\LRT06\LRT6_49\wheelsensors.c
                        I   0x0001f8       data     static C:\mcc18\Projects\EduCode\ifi_library.c
                    INDF0   0x000fef       data     extern C:\MCC18\SRC\TRADIT~1\PROC\p18f8722.asm
                    INDF1   0x000fe7       data     extern C:\MCC18\SRC\TRADIT~1\PROC\p18f8722.asm
                    INDF2   0x000fdf       data     extern C:\MCC18\SRC\TRADIT~1\PROC\p18f8722.asm
                   INTCON   0x000ff2       data     extern C:\MCC18\SRC\TRADIT~1\PROC\p18f8722.asm
                  INTCON2   0x000ff1       data     extern C:\MCC18\SRC\TRADIT~1\PROC\p18f8722.asm
              INTCON2bits   0x000ff1       data     extern C:\MCC18\SRC\TRADIT~1\PROC\p18f8722.asm
                  INTCON3   0x000ff0       data     extern C:\MCC18\SRC\TRADIT~1\PROC\p18f8722.asm
              INTCON3bits   0x000ff0       data     extern C:\MCC18\SRC\TRADIT~1\PROC\p18f8722.asm
               INTCONbits   0x000ff2       data     extern C:\MCC18\SRC\TRADIT~1\PROC\p18f8722.asm
                     IPR1   0x000f9f       data     extern C:\MCC18\SRC\TRADIT~1\PROC\p18f8722.asm
                 IPR1bits   0x000f9f       data     extern C:\MCC18\SRC\TRADIT~1\PROC\p18f8722.asm
                     IPR2   0x000fa2       data     extern C:\MCC18\SRC\TRADIT~1\PROC\p18f8722.asm
                 IPR2bits   0x000fa2       data     extern C:\MCC18\SRC\TRADIT~1\PROC\p18f8722.asm
                     IPR3   0x000fa5       data     extern C:\MCC18\SRC\TRADIT~1\PROC\p18f8722.asm
                 IPR3bits   0x000fa5       data     extern C:\MCC18\SRC\TRADIT~1\PROC\p18f8722.asm
        Interrupt_3_Count   0x000231       data     extern C:\LRT06\LRT6_49\interruptHandlers.c
        Interrupt_3_State   0x000f5c       data     extern C:\LRT06\LRT6_49\interruptHandlers.c
        Interrupt_4_Count   0x000235       data     extern C:\LRT06\LRT6_49\interruptHandlers.c
        Interrupt_4_State   0x000f5d       data     extern C:\LRT06\LRT6_49\interruptHandlers.c
        Interrupt_5_Count   0x000239       data     extern C:\LRT06\LRT6_49\interruptHandlers.c
        Interrupt_5_State   0x000f5e       data     extern C:\LRT06\LRT6_49\interruptHandlers.c
        Interrupt_6_Count   0x00023d       data     extern C:\LRT06\LRT6_49\interruptHandlers.c
        Interrupt_6_State   0x000f5f       data     extern C:\LRT06\LRT6_49\interruptHandlers.c
                     LATA   0x000f89       data     extern C:\MCC18\SRC\TRADIT~1\PROC\p18f8722.asm
                 LATAbits   0x000f89       data     extern C:\MCC18\SRC\TRADIT~1\PROC\p18f8722.asm
                     LATB   0x000f8a       data     extern C:\MCC18\SRC\TRADIT~1\PROC\p18f8722.asm
                 LATBbits   0x000f8a       data     extern C:\MCC18\SRC\TRADIT~1\PROC\p18f8722.asm
                     LATC   0x000f8b       data     extern C:\MCC18\SRC\TRADIT~1\PROC\p18f8722.asm
                 LATCbits   0x000f8b       data     extern C:\MCC18\SRC\TRADIT~1\PROC\p18f8722.asm
[...]
                TRISCbits   0x000f94       data     extern C:\MCC18\SRC\TRADIT~1\PROC\p18f8722.asm
                    TRISD   0x000f95       data     extern C:\MCC18\SRC\TRADIT~1\PROC\p18f8722.asm
                TRISDbits   0x000f95       data     extern C:\MCC18\SRC\TRADIT~1\PROC\p18f8722.asm
                     DDRD   0x000f95       data     extern C:\MCC18\SRC\TRADIT~1\PROC\p18f8722.asm
                 DDRDbits   0x000f95       data     extern C:\MCC18\SRC\TRADIT~1\PROC\p18f8722.asm
                    TRISE   0x000f96       data     extern C:\MCC18\SRC\TRADIT~1\PROC\p18f8722.asm
                TRISEbits   0x000f96       data     extern C:\MCC18\SRC\TRADIT~1\PROC\p18f8722.asm
                     DDRE   0x000f96       data     extern C:\MCC18\SRC\TRADIT~1\PROC\p18f8722.asm
                 DDREbits   0x000f96       data     extern C:\MCC18\SRC\TRADIT~1\PROC\p18f8722.asm
                TRISFbits   0x000f97       data     extern C:\MCC18\SRC\TRADIT~1\PROC\p18f8722.asm
                     DDRF   0x000f97       data     extern C:\MCC18\SRC\TRADIT~1\PROC\p18f8722.asm
                 DDRFbits   0x000f97       data     extern C:\MCC18\SRC\TRADIT~1\PROC\p18f8722.asm
                    TRISF   0x000f97       data     extern C:\MCC18\SRC\TRADIT~1\PROC\p18f8722.asm
                     DDRG   0x000f98       data     extern C:\MCC18\SRC\TRADIT~1\PROC\p18f8722.asm
                 DDRGbits   0x000f98       data     extern C:\MCC18\SRC\TRADIT~1\PROC\p18f8722.asm
                TRISGbits   0x000f98       data     extern C:\MCC18\SRC\TRADIT~1\PROC\p18f8722.asm
                    TRISG   0x000f98       data     extern C:\MCC18\SRC\TRADIT~1\PROC\p18f8722.asm
                 DDRHbits   0x000f99       data     extern C:\MCC18\SRC\TRADIT~1\PROC\p18f8722.asm
                     DDRH   0x000f99       data     extern C:\MCC18\SRC\TRADIT~1\PROC\p18f8722.asm
                    TRISH   0x000f99       data     extern C:\MCC18\SRC\TRADIT~1\PROC\p18f8722.asm
                TRISHbits   0x000f99       data     extern C:\MCC18\SRC\TRADIT~1\PROC\p18f8722.asm
                    TRISJ   0x000f9a       data     extern C:\MCC18\SRC\TRADIT~1\PROC\p18f8722.asm
                TRISJbits   0x000f9a       data     extern C:\MCC18\SRC\TRADIT~1\PROC\p18f8722.asm
                     DDRJ   0x000f9a       data     extern C:\MCC18\SRC\TRADIT~1\PROC\p18f8722.asm
                 DDRJbits   0x000f9a       data     extern C:\MCC18\SRC\TRADIT~1\PROC\p18f8722.asm
              OSCTUNEbits   0x000f9b       data     extern C:\MCC18\SRC\TRADIT~1\PROC\p18f8722.asm
                  OSCTUNE   0x000f9b       data     extern C:\MCC18\SRC\TRADIT~1\PROC\p18f8722.asm
                   MEMCON   0x000f9c       data     extern C:\MCC18\SRC\TRADIT~1\PROC\p18f8722.asm
               MEMCONbits   0x000f9c       data     extern C:\MCC18\SRC\TRADIT~1\PROC\p18f8722.asm
                     PIE1   0x000f9d       data     extern C:\MCC18\SRC\TRADIT~1\PROC\p18f8722.asm
                 PIE1bits   0x000f9d       data     extern C:\MCC18\SRC\TRADIT~1\PROC\p18f8722.asm
                 PIR1bits   0x000f9e       data     extern C:\MCC18\SRC\TRADIT~1\PROC\p18f8722.asm
                     PIR1   0x000f9e       data     extern C:\MCC18\SRC\TRADIT~1\PROC\p18f8722.asm
                 IPR1bits   0x000f9f       data     extern C:\MCC18\SRC\TRADIT~1\PROC\p18f8722.asm
                     IPR1   0x000f9f       data     extern C:\MCC18\SRC\TRADIT~1\PROC\p18f8722.asm
                 PIE2bits   0x000fa0       data     extern C:\MCC18\SRC\TRADIT~1\PROC\p18f8722.asm
                     PIE2   0x000fa0       data     extern C:\MCC18\SRC\TRADIT~1\PROC\p18f8722.asm
                     PIR2   0x000fa1       data     extern C:\MCC18\SRC\TRADIT~1\PROC\p18f8722.asm
                 PIR2bits   0x000fa1       data     extern C:\MCC18\SRC\TRADIT~1\PROC\p18f8722.asm
                     IPR2   0x000fa2       data     extern C:\MCC18\SRC\TRADIT~1\PROC\p18f8722.asm
                 IPR2bits   0x000fa2       data     extern C:\MCC18\SRC\TRADIT~1\PROC\p18f8722.asm
                     PIE3   0x000fa3       data     extern C:\MCC18\SRC\TRADIT~1\PROC\p18f8722.asm
                 PIE3bits   0x000fa3       data     extern C:\MCC18\SRC\TRADIT~1\PROC\p18f8722.asm
                     PIR3   0x000fa4       data     extern C:\MCC18\SRC\TRADIT~1\PROC\p18f8722.asm
                 PIR3bits   0x000fa4       data     extern C:\MCC18\SRC\TRADIT~1\PROC\p18f8722.asm
                     IPR3   0x000fa5       data     extern C:\MCC18\SRC\TRADIT~1\PROC\p18f8722.asm
                 IPR3bits   0x000fa5       data     extern C:\MCC18\SRC\TRADIT~1\PROC\p18f8722.asm
                   EECON1   0x000fa6       data     extern C:\MCC18\SRC\TRADIT~1\PROC\p18f8722.asm
               EECON1bits   0x000fa6       data     extern C:\MCC18\SRC\TRADIT~1\PROC\p18f8722.asm
                   EECON2   0x000fa7       data     extern C:\MCC18\SRC\TRADIT~1\PROC\p18f8722.asm
                   EEDATA   0x000fa8       data     extern C:\MCC18\SRC\TRADIT~1\PROC\p18f8722.asm
                    EEADR   0x000fa9       data     extern C:\MCC18\SRC\TRADIT~1\PROC\p18f8722.asm
                   EEADRH   0x000faa       data     extern C:\MCC18\SRC\TRADIT~1\PROC\p18f8722.asm
                RCSTAbits   0x000fab       data     extern C:\MCC18\SRC\TRADIT~1\PROC\p18f8722.asm
               RCSTA1bits   0x000fab       data     extern C:\MCC18\SRC\TRADIT~1\PROC\p18f8722.asm
                   RCSTA1   0x000fab       data     extern C:\MCC18\SRC\TRADIT~1\PROC\p18f8722.asm
                    RCSTA   0x000fab       data     extern C:\MCC18\SRC\TRADIT~1\PROC\p18f8722.asm
                TXSTAbits   0x000fac       data     extern C:\MCC18\SRC\TRADIT~1\PROC\p18f8722.asm
               TXSTA1bits   0x000fac       data     extern C:\MCC18\SRC\TRADIT~1\PROC\p18f8722.asm
                    TXSTA   0x000fac       data     extern C:\MCC18\SRC\TRADIT~1\PROC\p18f8722.asm
                   TXSTA1   0x000fac       data     extern C:\MCC18\SRC\TRADIT~1\PROC\p18f8722.asm
                   TXREG1   0x000fad       data     extern C:\MCC18\SRC\TRADIT~1\PROC\p18f8722.asm
                    TXREG   0x000fad       data     extern C:\MCC18\SRC\TRADIT~1\PROC\p18f8722.asm
                    RCREG   0x000fae       data     extern C:\MCC18\SRC\TRADIT~1\PROC\p18f8722.asm
                   RCREG1   0x000fae       data     extern C:\MCC18\SRC\TRADIT~1\PROC\p18f8722.asm
                   SPBRG1   0x000faf       data     extern C:\MCC18\SRC\TRADIT~1\PROC\p18f8722.asm
                    SPBRG   0x000faf       data     extern C:\MCC18\SRC\TRADIT~1\PROC\p18f8722.asm
               PSPCONbits   0x000fb0       data     extern C:\MCC18\SRC\TRADIT~1\PROC\p18f8722.asm
                   PSPCON   0x000fb0       data     extern C:\MCC18\SRC\TRADIT~1\PROC\p18f8722.asm
                    T3CON   0x000fb1       data     extern C:\MCC18\SRC\TRADIT~1\PROC\p18f8722.asm
                T3CONbits   0x000fb1       data     extern C:\MCC18\SRC\TRADIT~1\PROC\p18f8722.asm
                    TMR3L   0x000fb2       data     extern C:\MCC18\SRC\TRADIT~1\PROC\p18f8722.asm
                    TMR3H   0x000fb3       data     extern C:\MCC18\SRC\TRADIT~1\PROC\p18f8722.asm
                    CMCON   0x000fb4       data     extern C:\MCC18\SRC\TRADIT~1\PROC\p18f8722.asm
                CMCONbits   0x000fb4       data     extern C:\MCC18\SRC\TRADIT~1\PROC\p18f8722.asm
                   CVRCON   0x000fb5       data     extern C:\MCC18\SRC\TRADIT~1\PROC\p18f8722.asm
               CVRCONbits   0x000fb5       data     extern C:\MCC18\SRC\TRADIT~1\PROC\p18f8722.asm
              ECCP1ASbits   0x000fb6       data     extern C:\MCC18\SRC\TRADIT~1\PROC\p18f8722.asm
                  ECCP1AS   0x000fb6       data     extern C:\MCC18\SRC\TRADIT~1\PROC\p18f8722.asm
              CCP3CONbits   0x000fb7       data     extern C:\MCC18\SRC\TRADIT~1\PROC\p18f8722.asm
                  CCP3CON   0x000fb7       data     extern C:\MCC18\SRC\TRADIT~1\PROC\p18f8722.asm
             ECCP3CONbits   0x000fb7       data     extern C:\MCC18\SRC\TRADIT~1\PROC\p18f8722.asm
                 ECCP3CON   0x000fb7       data     extern C:\MCC18\SRC\TRADIT~1\PROC\p18f8722.asm
                    CCPR3   0x000fb8       data     extern C:\MCC18\SRC\TRADIT~1\PROC\p18f8722.asm
                   CCPR3L   0x000fb8       data     extern C:\MCC18\SRC\TRADIT~1\PROC\p18f8722.asm
                   CCPR3H   0x000fb9       data     extern C:\MCC18\SRC\TRADIT~1\PROC\p18f8722.asm
              CCP2CONbits   0x000fba       data     extern C:\MCC18\SRC\TRADIT~1\PROC\p18f8722.asm
                  CCP2CON   0x000fba       data     extern C:\MCC18\SRC\TRADIT~1\PROC\p18f8722.asm
             ECCP2CONbits   0x000fba       data     extern C:\MCC18\SRC\TRADIT~1\PROC\p18f8722.asm
                 ECCP2CON   0x000fba       data     extern C:\MCC18\SRC\TRADIT~1\PROC\p18f8722.asm
                   CCPR2L   0x000fbb       data     extern C:\MCC18\SRC\TRADIT~1\PROC\p18f8722.asm
                    CCPR2   0x000fbb       data     extern C:\MCC18\SRC\TRADIT~1\PROC\p18f8722.asm
                   CCPR2H   0x000fbc       data     extern C:\MCC18\SRC\TRADIT~1\PROC\p18f8722.asm
             ECCP1CONbits   0x000fbd       data     extern C:\MCC18\SRC\TRADIT~1\PROC\p18f8722.asm
                 ECCP1CON   0x000fbd       data     extern C:\MCC18\SRC\TRADIT~1\PROC\p18f8722.asm
              CCP1CONbits   0x000fbd       data     extern C:\MCC18\SRC\TRADIT~1\PROC\p18f8722.asm
                  CCP1CON   0x000fbd       data     extern C:\MCC18\SRC\TRADIT~1\PROC\p18f8722.asm
                    CCPR1   0x000fbe       data     extern C:\MCC18\SRC\TRADIT~1\PROC\p18f8722.asm
                   CCPR1L   0x000fbe       data     extern C:\MCC18\SRC\TRADIT~1\PROC\p18f8722.asm
                   CCPR1H   0x000fbf       data     extern C:\MCC18\SRC\TRADIT~1\PROC\p18f8722.asm
                   ADCON2   0x000fc0       data     extern C:\MCC18\SRC\TRADIT~1\PROC\p18f8722.asm
               ADCON2bits   0x000fc0       data     extern C:\MCC18\SRC\TRADIT~1\PROC\p18f8722.asm
                   ADCON1   0x000fc1       data     extern C:\MCC18\SRC\TRADIT~1\PROC\p18f8722.asm
               ADCON1bits   0x000fc1       data     extern C:\MCC18\SRC\TRADIT~1\PROC\p18f8722.asm
                   ADCON0   0x000fc2       data     extern C:\MCC18\SRC\TRADIT~1\PROC\p18f8722.asm
               ADCON0bits   0x000fc2       data     extern C:\MCC18\SRC\TRADIT~1\PROC\p18f8722.asm
                   ADRESL   0x000fc3       data     extern C:\MCC18\SRC\TRADIT~1\PROC\p18f8722.asm
                    ADRES   0x000fc3       data     extern C:\MCC18\SRC\TRADIT~1\PROC\p18f8722.asm
                   ADRESH   0x000fc4       data     extern C:\MCC18\SRC\TRADIT~1\PROC\p18f8722.asm
                  SSPCON2   0x000fc5       data     extern C:\MCC18\SRC\TRADIT~1\PROC\p18f8722.asm
             SSP1CON2bits   0x000fc5       data     extern C:\MCC18\SRC\TRADIT~1\PROC\p18f8722.asm
              SSPCON2bits   0x000fc5       data     extern C:\MCC18\SRC\TRADIT~1\PROC\p18f8722.asm
                 SSP1CON2   0x000fc5       data     extern C:\MCC18\SRC\TRADIT~1\PROC\p18f8722.asm
                  SSPCON1   0x000fc6       data     extern C:\MCC18\SRC\TRADIT~1\PROC\p18f8722.asm
              SSPCON1bits   0x000fc6       data     extern C:\MCC18\SRC\TRADIT~1\PROC\p18f8722.asm
                 SSP1CON1   0x000fc6       data     extern C:\MCC18\SRC\TRADIT~1\PROC\p18f8722.asm
             SSP1CON1bits   0x000fc6       data     extern C:\MCC18\SRC\TRADIT~1\PROC\p18f8722.asm
                 SSP1STAT   0x000fc7       data     extern C:\MCC18\SRC\TRADIT~1\PROC\p18f8722.asm
                  SSPSTAT   0x000fc7       data     extern C:\MCC18\SRC\TRADIT~1\PROC\p18f8722.asm
              SSPSTATbits   0x000fc7       data     extern C:\MCC18\SRC\TRADIT~1\PROC\p18f8722.asm
             SSP1STATbits   0x000fc7       data     extern C:\MCC18\SRC\TRADIT~1\PROC\p18f8722.asm
                   SSPADD   0x000fc8       data     extern C:\MCC18\SRC\TRADIT~1\PROC\p18f8722.asm
                  SSP1ADD   0x000fc8       data     extern C:\MCC18\SRC\TRADIT~1\PROC\p18f8722.asm
                   SSPBUF   0x000fc9       data     extern C:\MCC18\SRC\TRADIT~1\PROC\p18f8722.asm
                  SSP1BUF   0x000fc9       data     extern C:\MCC18\SRC\TRADIT~1\PROC\p18f8722.asm
                T2CONbits   0x000fca       data     extern C:\MCC18\SRC\TRADIT~1\PROC\p18f8722.asm
                    T2CON   0x000fca       data     extern C:\MCC18\SRC\TRADIT~1\PROC\p18f8722.asm
                      PR2   0x000fcb       data     extern C:\MCC18\SRC\TRADIT~1\PROC\p18f8722.asm
                     TMR2   0x000fcc       data     extern C:\MCC18\SRC\TRADIT~1\PROC\p18f8722.asm
                    T1CON   0x000fcd       data     extern C:\MCC18\SRC\TRADIT~1\PROC\p18f8722.asm
                T1CONbits   0x000fcd       data     extern C:\MCC18\SRC\TRADIT~1\PROC\p18f8722.asm
                    TMR1L   0x000fce       data     extern C:\MCC18\SRC\TRADIT~1\PROC\p18f8722.asm
                    TMR1H   0x000fcf       data     extern C:\MCC18\SRC\TRADIT~1\PROC\p18f8722.asm
                 RCONbits   0x000fd0       data     extern C:\MCC18\SRC\TRADIT~1\PROC\p18f8722.asm
                     RCON   0x000fd0       data     extern C:\MCC18\SRC\TRADIT~1\PROC\p18f8722.asm
               WDTCONbits   0x000fd1       data     extern C:\MCC18\SRC\TRADIT~1\PROC\p18f8722.asm
                   WDTCON   0x000fd1       data     extern C:\MCC18\SRC\TRADIT~1\PROC\p18f8722.asm
               LVDCONbits   0x000fd2       data     extern C:\MCC18\SRC\TRADIT~1\PROC\p18f8722.asm
                   LVDCON   0x000fd2       data     extern C:\MCC18\SRC\TRADIT~1\PROC\p18f8722.asm
              HLVDCONbits   0x000fd2       data     extern C:\MCC18\SRC\TRADIT~1\PROC\p18f8722.asm
                  HLVDCON   0x000fd2       data     extern C:\MCC18\SRC\TRADIT~1\PROC\p18f8722.asm
                   OSCCON   0x000fd3       data     extern C:\MCC18\SRC\TRADIT~1\PROC\p18f8722.asm
               OSCCONbits   0x000fd3       data     extern C:\MCC18\SRC\TRADIT~1\PROC\p18f8722.asm
                T0CONbits   0x000fd5       data     extern C:\MCC18\SRC\TRADIT~1\PROC\p18f8722.asm
                    T0CON   0x000fd5       data     extern C:\MCC18\SRC\TRADIT~1\PROC\p18f8722.asm
                    TMR0L   0x000fd6       data     extern C:\MCC18\SRC\TRADIT~1\PROC\p18f8722.asm
                    TMR0H   0x000fd7       data     extern C:\MCC18\SRC\TRADIT~1\PROC\p18f8722.asm
               STATUSbits   0x000fd8       data     extern C:\MCC18\SRC\TRADIT~1\PROC\p18f8722.asm
                   STATUS   0x000fd8       data     extern C:\MCC18\SRC\TRADIT~1\PROC\p18f8722.asm
                     FSR2   0x000fd9       data     extern C:\MCC18\SRC\TRADIT~1\PROC\p18f8722.asm
                    FSR2L   0x000fd9       data     extern C:\MCC18\SRC\TRADIT~1\PROC\p18f8722.asm
                    FSR2H   0x000fda       data     extern C:\MCC18\SRC\TRADIT~1\PROC\p18f8722.asm
                   PLUSW2   0x000fdb       data     extern C:\MCC18\SRC\TRADIT~1\PROC\p18f8722.asm
                  PREINC2   0x000fdc       data     extern C:\MCC18\SRC\TRADIT~1\PROC\p18f8722.asm
                 POSTDEC2   0x000fdd       data     extern C:\MCC18\SRC\TRADIT~1\PROC\p18f8722.asm
                 POSTINC2   0x000fde       data     extern C:\MCC18\SRC\TRADIT~1\PROC\p18f8722.asm
                    INDF2   0x000fdf       data     extern C:\MCC18\SRC\TRADIT~1\PROC\p18f8722.asm
                      BSR   0x000fe0       data     extern C:\MCC18\SRC\TRADIT~1\PROC\p18f8722.asm
                     FSR1   0x000fe1       data     extern C:\MCC18\SRC\TRADIT~1\PROC\p18f8722.asm
                    FSR1L   0x000fe1       data     extern C:\MCC18\SRC\TRADIT~1\PROC\p18f8722.asm
                    FSR1H   0x000fe2       data     extern C:\MCC18\SRC\TRADIT~1\PROC\p18f8722.asm
                   PLUSW1   0x000fe3       data     extern C:\MCC18\SRC\TRADIT~1\PROC\p18f8722.asm
                  PREINC1   0x000fe4       data     extern C:\MCC18\SRC\TRADIT~1\PROC\p18f8722.asm
                 POSTDEC1   0x000fe5       data     extern C:\MCC18\SRC\TRADIT~1\PROC\p18f8722.asm
                 POSTINC1   0x000fe6       data     extern C:\MCC18\SRC\TRADIT~1\PROC\p18f8722.asm
                    INDF1   0x000fe7       data     extern C:\MCC18\SRC\TRADIT~1\PROC\p18f8722.asm
                     WREG   0x000fe8       data     extern C:\MCC18\SRC\TRADIT~1\PROC\p18f8722.asm
                    FSR0L   0x000fe9       data     extern C:\MCC18\SRC\TRADIT~1\PROC\p18f8722.asm
                     FSR0   0x000fe9       data     extern C:\MCC18\SRC\TRADIT~1\PROC\p18f8722.asm
                    FSR0H   0x000fea       data     extern C:\MCC18\SRC\TRADIT~1\PROC\p18f8722.asm
                   PLUSW0   0x000feb       data     extern C:\MCC18\SRC\TRADIT~1\PROC\p18f8722.asm
                  PREINC0   0x000fec       data     extern C:\MCC18\SRC\TRADIT~1\PROC\p18f8722.asm
                 POSTDEC0   0x000fed       data     extern C:\MCC18\SRC\TRADIT~1\PROC\p18f8722.asm
                 POSTINC0   0x000fee       data     extern C:\MCC18\SRC\TRADIT~1\PROC\p18f8722.asm
                    INDF0   0x000fef       data     extern C:\MCC18\SRC\TRADIT~1\PROC\p18f8722.asm
                  INTCON3   0x000ff0       data     extern C:\MCC18\SRC\TRADIT~1\PROC\p18f8722.asm
              INTCON3bits   0x000ff0       data     extern C:\MCC18\SRC\TRADIT~1\PROC\p18f8722.asm
                  INTCON2   0x000ff1       data     extern C:\MCC18\SRC\TRADIT~1\PROC\p18f8722.asm
              INTCON2bits   0x000ff1       data     extern C:\MCC18\SRC\TRADIT~1\PROC\p18f8722.asm
                   INTCON   0x000ff2       data     extern C:\MCC18\SRC\TRADIT~1\PROC\p18f8722.asm
               INTCONbits   0x000ff2       data     extern C:\MCC18\SRC\TRADIT~1\PROC\p18f8722.asm
                    PRODL   0x000ff3       data     extern C:\MCC18\SRC\TRADIT~1\PROC\p18f8722.asm
                     PROD   0x000ff3       data     extern C:\MCC18\SRC\TRADIT~1\PROC\p18f8722.asm
                    PRODH   0x000ff4       data     extern C:\MCC18\SRC\TRADIT~1\PROC\p18f8722.asm
                   TABLAT   0x000ff5       data     extern C:\MCC18\SRC\TRADIT~1\PROC\p18f8722.asm
                  TBLPTRL   0x000ff6       data     extern C:\MCC18\SRC\TRADIT~1\PROC\p18f8722.asm
                   TBLPTR   0x000ff6       data     extern C:\MCC18\SRC\TRADIT~1\PROC\p18f8722.asm
                  TBLPTRH   0x000ff7       data     extern C:\MCC18\SRC\TRADIT~1\PROC\p18f8722.asm
                  TBLPTRU   0x000ff8       data     extern C:\MCC18\SRC\TRADIT~1\PROC\p18f8722.asm
                       PC   0x000ff9       data     extern C:\MCC18\SRC\TRADIT~1\PROC\p18f8722.asm
                      PCL   0x000ff9       data     extern C:\MCC18\SRC\TRADIT~1\PROC\p18f8722.asm
                   PCLATH   0x000ffa       data     extern C:\MCC18\SRC\TRADIT~1\PROC\p18f8722.asm
                   PCLATU   0x000ffb       data     extern C:\MCC18\SRC\TRADIT~1\PROC\p18f8722.asm
               STKPTRbits   0x000ffc       data     extern C:\MCC18\SRC\TRADIT~1\PROC\p18f8722.asm
                   STKPTR   0x000ffc       data     extern C:\MCC18\SRC\TRADIT~1\PROC\p18f8722.asm
                      TOS   0x000ffd       data     extern C:\MCC18\SRC\TRADIT~1\PROC\p18f8722.asm
                     TOSL   0x000ffd       data     extern C:\MCC18\SRC\TRADIT~1\PROC\p18f8722.asm
                     TOSH   0x000ffe       data     extern C:\MCC18\SRC\TRADIT~1\PROC\p18f8722.asm
                     TOSU   0x000fff       data     extern C:\MCC18\SRC\TRADIT~1\PROC\p18f8722.asm


